Archive member included to satisfy reference by file (symbol)

C:/ST/STM32CubeIDE_1.14.1/STM32CubeIDE/plugins/com.st.stm32cube.ide.mcu.externaltools.gnu-tools-for-stm32.11.3.rel1.win32_1.1.100.202309141235/tools/bin/../lib/gcc/arm-none-eabi/11.3.1/../../../../arm-none-eabi/lib/thumb/v7-m/nofp\libc_nano.a(libc_a-exit.o)
                              C:/ST/STM32CubeIDE_1.14.1/STM32CubeIDE/plugins/com.st.stm32cube.ide.mcu.externaltools.gnu-tools-for-stm32.11.3.rel1.win32_1.1.100.202309141235/tools/bin/../lib/gcc/arm-none-eabi/11.3.1/../../../../arm-none-eabi/lib/thumb/v7-m/nofp/crt0.o (exit)
C:/ST/STM32CubeIDE_1.14.1/STM32CubeIDE/plugins/com.st.stm32cube.ide.mcu.externaltools.gnu-tools-for-stm32.11.3.rel1.win32_1.1.100.202309141235/tools/bin/../lib/gcc/arm-none-eabi/11.3.1/../../../../arm-none-eabi/lib/thumb/v7-m/nofp\libc_nano.a(libc_a-findfp.o)
                              C:/ST/STM32CubeIDE_1.14.1/STM32CubeIDE/plugins/com.st.stm32cube.ide.mcu.externaltools.gnu-tools-for-stm32.11.3.rel1.win32_1.1.100.202309141235/tools/bin/../lib/gcc/arm-none-eabi/11.3.1/../../../../arm-none-eabi/lib/thumb/v7-m/nofp\libc_nano.a(libc_a-exit.o) (__stdio_exit_handler)
C:/ST/STM32CubeIDE_1.14.1/STM32CubeIDE/plugins/com.st.stm32cube.ide.mcu.externaltools.gnu-tools-for-stm32.11.3.rel1.win32_1.1.100.202309141235/tools/bin/../lib/gcc/arm-none-eabi/11.3.1/../../../../arm-none-eabi/lib/thumb/v7-m/nofp\libc_nano.a(libc_a-fwalk.o)
                              C:/ST/STM32CubeIDE_1.14.1/STM32CubeIDE/plugins/com.st.stm32cube.ide.mcu.externaltools.gnu-tools-for-stm32.11.3.rel1.win32_1.1.100.202309141235/tools/bin/../lib/gcc/arm-none-eabi/11.3.1/../../../../arm-none-eabi/lib/thumb/v7-m/nofp\libc_nano.a(libc_a-findfp.o) (_fwalk_sglue)
C:/ST/STM32CubeIDE_1.14.1/STM32CubeIDE/plugins/com.st.stm32cube.ide.mcu.externaltools.gnu-tools-for-stm32.11.3.rel1.win32_1.1.100.202309141235/tools/bin/../lib/gcc/arm-none-eabi/11.3.1/../../../../arm-none-eabi/lib/thumb/v7-m/nofp\libc_nano.a(libc_a-stdio.o)
                              C:/ST/STM32CubeIDE_1.14.1/STM32CubeIDE/plugins/com.st.stm32cube.ide.mcu.externaltools.gnu-tools-for-stm32.11.3.rel1.win32_1.1.100.202309141235/tools/bin/../lib/gcc/arm-none-eabi/11.3.1/../../../../arm-none-eabi/lib/thumb/v7-m/nofp\libc_nano.a(libc_a-findfp.o) (__sread)
C:/ST/STM32CubeIDE_1.14.1/STM32CubeIDE/plugins/com.st.stm32cube.ide.mcu.externaltools.gnu-tools-for-stm32.11.3.rel1.win32_1.1.100.202309141235/tools/bin/../lib/gcc/arm-none-eabi/11.3.1/../../../../arm-none-eabi/lib/thumb/v7-m/nofp\libc_nano.a(libc_a-memset.o)
                              C:/ST/STM32CubeIDE_1.14.1/STM32CubeIDE/plugins/com.st.stm32cube.ide.mcu.externaltools.gnu-tools-for-stm32.11.3.rel1.win32_1.1.100.202309141235/tools/bin/../lib/gcc/arm-none-eabi/11.3.1/../../../../arm-none-eabi/lib/thumb/v7-m/nofp/crt0.o (memset)
C:/ST/STM32CubeIDE_1.14.1/STM32CubeIDE/plugins/com.st.stm32cube.ide.mcu.externaltools.gnu-tools-for-stm32.11.3.rel1.win32_1.1.100.202309141235/tools/bin/../lib/gcc/arm-none-eabi/11.3.1/../../../../arm-none-eabi/lib/thumb/v7-m/nofp\libc_nano.a(libc_a-closer.o)
                              C:/ST/STM32CubeIDE_1.14.1/STM32CubeIDE/plugins/com.st.stm32cube.ide.mcu.externaltools.gnu-tools-for-stm32.11.3.rel1.win32_1.1.100.202309141235/tools/bin/../lib/gcc/arm-none-eabi/11.3.1/../../../../arm-none-eabi/lib/thumb/v7-m/nofp\libc_nano.a(libc_a-stdio.o) (_close_r)
C:/ST/STM32CubeIDE_1.14.1/STM32CubeIDE/plugins/com.st.stm32cube.ide.mcu.externaltools.gnu-tools-for-stm32.11.3.rel1.win32_1.1.100.202309141235/tools/bin/../lib/gcc/arm-none-eabi/11.3.1/../../../../arm-none-eabi/lib/thumb/v7-m/nofp\libc_nano.a(libc_a-reent.o)
                              C:/ST/STM32CubeIDE_1.14.1/STM32CubeIDE/plugins/com.st.stm32cube.ide.mcu.externaltools.gnu-tools-for-stm32.11.3.rel1.win32_1.1.100.202309141235/tools/bin/../lib/gcc/arm-none-eabi/11.3.1/../../../../arm-none-eabi/lib/thumb/v7-m/nofp\libc_nano.a(libc_a-closer.o) (errno)
C:/ST/STM32CubeIDE_1.14.1/STM32CubeIDE/plugins/com.st.stm32cube.ide.mcu.externaltools.gnu-tools-for-stm32.11.3.rel1.win32_1.1.100.202309141235/tools/bin/../lib/gcc/arm-none-eabi/11.3.1/../../../../arm-none-eabi/lib/thumb/v7-m/nofp\libc_nano.a(libc_a-impure.o)
                              C:/ST/STM32CubeIDE_1.14.1/STM32CubeIDE/plugins/com.st.stm32cube.ide.mcu.externaltools.gnu-tools-for-stm32.11.3.rel1.win32_1.1.100.202309141235/tools/bin/../lib/gcc/arm-none-eabi/11.3.1/../../../../arm-none-eabi/lib/thumb/v7-m/nofp\libc_nano.a(libc_a-reent.o) (_impure_ptr)
C:/ST/STM32CubeIDE_1.14.1/STM32CubeIDE/plugins/com.st.stm32cube.ide.mcu.externaltools.gnu-tools-for-stm32.11.3.rel1.win32_1.1.100.202309141235/tools/bin/../lib/gcc/arm-none-eabi/11.3.1/../../../../arm-none-eabi/lib/thumb/v7-m/nofp\libc_nano.a(libc_a-lseekr.o)
[...]
Memory Configuration

Name             Origin             Length             Attributes
RAM              0x0000000020000000 0x000000000000c000 xrw
FLASH            0x0000000008000000 0x0000000000040000 xr
*default*        0x0000000000000000 0xffffffffffffffff

Linker script and memory map

LOAD C:/ST/STM32CubeIDE_1.14.1/STM32CubeIDE/plugins/com.st.stm32cube.ide.mcu.externaltools.gnu-tools-for-stm32.11.3.rel1.win32_1.1.100.202309141235/tools/bin/../lib/gcc/arm-none-eabi/11.3.1/thumb/v7-m/nofp/crti.o
LOAD C:/ST/STM32CubeIDE_1.14.1/STM32CubeIDE/plugins/com.st.stm32cube.ide.mcu.externaltools.gnu-tools-for-stm32.11.3.rel1.win32_1.1.100.202309141235/tools/bin/../lib/gcc/arm-none-eabi/11.3.1/thumb/v7-m/nofp/crtbegin.o
LOAD C:/ST/STM32CubeIDE_1.14.1/STM32CubeIDE/plugins/com.st.stm32cube.ide.mcu.externaltools.gnu-tools-for-stm32.11.3.rel1.win32_1.1.100.202309141235/tools/bin/../lib/gcc/arm-none-eabi/11.3.1/../../../../arm-none-eabi/lib/thumb/v7-m/nofp/crt0.o
LOAD ./Core/Src/DDSMLib.o
LOAD ./Core/Src/dma.o
LOAD ./Core/Src/freertos.o
LOAD ./Core/Src/gpio.o
LOAD ./Core/Src/main.o
LOAD ./Core/Src/stm32f1xx_hal_msp.o
LOAD ./Core/Src/stm32f1xx_it.o
LOAD ./Core/Src/syscalls.o
LOAD ./Core/Src/sysmem.o
LOAD ./Core/Src/system_stm32f1xx.o
LOAD ./Core/Src/usart.o
LOAD ./Core/Startup/startup_stm32f103rctx.o
LOAD ./Drivers/STM32F1xx_HAL_Driver/Src/stm32f1xx_hal.o
LOAD ./Drivers/STM32F1xx_HAL_Driver/Src/stm32f1xx_hal_cortex.o
LOAD ./Drivers/STM32F1xx_HAL_Driver/Src/stm32f1xx_hal_dma.o
LOAD ./Drivers/STM32F1xx_HAL_Driver/Src/stm32f1xx_hal_exti.o
LOAD ./Drivers/STM32F1xx_HAL_Driver/Src/stm32f1xx_hal_flash.o
LOAD ./Drivers/STM32F1xx_HAL_Driver/Src/stm32f1xx_hal_flash_ex.o
LOAD ./Drivers/STM32F1xx_HAL_Driver/Src/stm32f1xx_hal_gpio.o
LOAD ./Drivers/STM32F1xx_HAL_Driver/Src/stm32f1xx_hal_gpio_ex.o
LOAD ./Drivers/STM32F1xx_HAL_Driver/Src/stm32f1xx_hal_pwr.o
LOAD ./Drivers/STM32F1xx_HAL_Driver/Src/stm32f1xx_hal_rcc.o
LOAD ./Drivers/STM32F1xx_HAL_Driver/Src/stm32f1xx_hal_rcc_ex.o
LOAD ./Drivers/STM32F1xx_HAL_Driver/Src/stm32f1xx_hal_tim.o
LOAD ./Drivers/STM32F1xx_HAL_Driver/Src/stm32f1xx_hal_tim_ex.o
LOAD ./Drivers/STM32F1xx_HAL_Driver/Src/stm32f1xx_hal_uart.o
LOAD ./Middlewares/Third_Party/FreeRTOS/Source/CMSIS_RTOS/cmsis_os.o
LOAD ./Middlewares/Third_Party/FreeRTOS/Source/croutine.o
LOAD ./Middlewares/Third_Party/FreeRTOS/Source/event_groups.o
LOAD ./Middlewares/Third_Party/FreeRTOS/Source/list.o
LOAD ./Middlewares/Third_Party/FreeRTOS/Source/queue.o
LOAD ./Middlewares/Third_Party/FreeRTOS/Source/stream_buffer.o
LOAD ./Middlewares/Third_Party/FreeRTOS/Source/tasks.o
LOAD ./Middlewares/Third_Party/FreeRTOS/Source/timers.o
LOAD ./Middlewares/Third_Party/FreeRTOS/Source/portable/GCC/ARM_CM3/port.o
LOAD ./Middlewares/Third_Party/FreeRTOS/Source/portable/MemMang/heap_4.o
START GROUP
LOAD C:/ST/STM32CubeIDE_1.14.1/STM32CubeIDE/plugins/com.st.stm32cube.ide.mcu.externaltools.gnu-tools-for-stm32.11.3.rel1.win32_1.1.100.202309141235/tools/bin/../lib/gcc/arm-none-eabi/11.3.1/../../../../arm-none-eabi/lib/thumb/v7-m/nofp\libc_nano.a
LOAD C:/ST/STM32CubeIDE_1.14.1/STM32CubeIDE/plugins/com.st.stm32cube.ide.mcu.externaltools.gnu-tools-for-stm32.11.3.rel1.win32_1.1.100.202309141235/tools/bin/../lib/gcc/arm-none-eabi/11.3.1/../../../../arm-none-eabi/lib/thumb/v7-m/nofp\libm.a
END GROUP
START GROUP
LOAD C:/ST/STM32CubeIDE_1.14.1/STM32CubeIDE/plugins/com.st.stm32cube.ide.mcu.externaltools.gnu-tools-for-stm32.11.3.rel1.win32_1.1.100.202309141235/tools/bin/../lib/gcc/arm-none-eabi/11.3.1/thumb/v7-m/nofp\libgcc.a
LOAD C:/ST/STM32CubeIDE_1.14.1/STM32CubeIDE/plugins/com.st.stm32cube.ide.mcu.externaltools.gnu-tools-for-stm32.11.3.rel1.win32_1.1.100.202309141235/tools/bin/../lib/gcc/arm-none-eabi/11.3.1/../../../../arm-none-eabi/lib/thumb/v7-m/nofp\libc_nano.a
END GROUP
START GROUP
LOAD C:/ST/STM32CubeIDE_1.14.1/STM32CubeIDE/plugins/com.st.stm32cube.ide.mcu.externaltools.gnu-tools-for-stm32.11.3.rel1.win32_1.1.100.202309141235/tools/bin/../lib/gcc/arm-none-eabi/11.3.1/thumb/v7-m/nofp\libgcc.a
LOAD C:/ST/STM32CubeIDE_1.14.1/STM32CubeIDE/plugins/com.st.stm32cube.ide.mcu.externaltools.gnu-tools-for-stm32.11.3.rel1.win32_1.1.100.202309141235/tools/bin/../lib/gcc/arm-none-eabi/11.3.1/../../../../arm-none-eabi/lib/thumb/v7-m/nofp\libc_nano.a
LOAD C:/ST/STM32CubeIDE_1.14.1/STM32CubeIDE/plugins/com.st.stm32cube.ide.mcu.externaltools.gnu-tools-for-stm32.11.3.rel1.win32_1.1.100.202309141235/tools/bin/../lib/gcc/arm-none-eabi/11.3.1/../../../../arm-none-eabi/lib/thumb/v7-m/nofp\libnosys.a
END GROUP
START GROUP
LOAD C:/ST/STM32CubeIDE_1.14.1/STM32CubeIDE/plugins/com.st.stm32cube.ide.mcu.externaltools.gnu-tools-for-stm32.11.3.rel1.win32_1.1.100.202309141235/tools/bin/../lib/gcc/arm-none-eabi/11.3.1/thumb/v7-m/nofp\libgcc.a
LOAD C:/ST/STM32CubeIDE_1.14.1/STM32CubeIDE/plugins/com.st.stm32cube.ide.mcu.externaltools.gnu-tools-for-stm32.11.3.rel1.win32_1.1.100.202309141235/tools/bin/../lib/gcc/arm-none-eabi/11.3.1/../../../../arm-none-eabi/lib/thumb/v7-m/nofp\libc_nano.a
LOAD C:/ST/STM32CubeIDE_1.14.1/STM32CubeIDE/plugins/com.st.stm32cube.ide.mcu.externaltools.gnu-tools-for-stm32.11.3.rel1.win32_1.1.100.202309141235/tools/bin/../lib/gcc/arm-none-eabi/11.3.1/../../../../arm-none-eabi/lib/thumb/v7-m/nofp\libnosys.a
END GROUP
LOAD C:/ST/STM32CubeIDE_1.14.1/STM32CubeIDE/plugins/com.st.stm32cube.ide.mcu.externaltools.gnu-tools-for-stm32.11.3.rel1.win32_1.1.100.202309141235/tools/bin/../lib/gcc/arm-none-eabi/11.3.1/thumb/v7-m/nofp/crtend.o
LOAD C:/ST/STM32CubeIDE_1.14.1/STM32CubeIDE/plugins/com.st.stm32cube.ide.mcu.externaltools.gnu-tools-for-stm32.11.3.rel1.win32_1.1.100.202309141235/tools/bin/../lib/gcc/arm-none-eabi/11.3.1/thumb/v7-m/nofp/crtn.o
                0x000000002000c000                _estack = (ORIGIN (RAM) + LENGTH (RAM))
                0x0000000000000200                _Min_Heap_Size = 0x200
                0x0000000000000400                _Min_Stack_Size = 0x400

.isr_vector     0x0000000008000000      0x1e4
                0x0000000008000000                . = ALIGN (0x4)
 *(.isr_vector)
 .isr_vector    0x0000000008000000      0x1e4 ./Core/Startup/startup_stm32f103rctx.o
                0x0000000008000000                g_pfnVectors
                0x00000000080001e4                . = ALIGN (0x4)

.text           0x00000000080001f0     0x594c
                0x00000000080001f0                . = ALIGN (0x4)
 *(.text)
 .text          0x00000000080001f0       0x40 C:/ST/STM32CubeIDE_1.14.1/STM32CubeIDE/plugins/com.st.stm32cube.ide.mcu.externaltools.gnu-tools-for-stm32.11.3.rel1.win32_1.1.100.202309141235/tools/bin/../lib/gcc/arm-none-eabi/11.3.1/thumb/v7-m/nofp/crtbegin.o
 .text          0x0000000008000230       0x10 C:/ST/STM32CubeIDE_1.14.1/STM32CubeIDE/plugins/com.st.stm32cube.ide.mcu.externaltools.gnu-tools-for-stm32.11.3.rel1.win32_1.1.100.202309141235/tools/bin/../lib/gcc/arm-none-eabi/11.3.1/../../../../arm-none-eabi/lib/thumb/v7-m/nofp\libc_nano.a(libc_a-strlen.o)
                0x0000000008000230                strlen
 .text          0x0000000008000240      0x378 C:/ST/STM32CubeIDE_1.14.1/STM32CubeIDE/plugins/com.st.stm32cube.ide.mcu.externaltools.gnu-tools-for-stm32.11.3.rel1.win32_1.1.100.202309141235/tools/bin/../lib/gcc/arm-none-eabi/11.3.1/thumb/v7-m/nofp\libgcc.a(_arm_addsubdf3.o)
                0x0000000008000240                __aeabi_drsub
                0x0000000008000248                __aeabi_dsub
                0x0000000008000248                __subdf3
                0x000000000800024c                __aeabi_dadd
                0x000000000800024c                __adddf3
                0x00000000080004c4                __floatunsidf
                0x00000000080004c4                __aeabi_ui2d
                0x00000000080004e4                __floatsidf
                0x00000000080004e4                __aeabi_i2d
                0x0000000008000508                __aeabi_f2d
                0x0000000008000508                __extendsfdf2
                0x000000000800054c                __floatundidf
                0x000000000800054c                __aeabi_ul2d
                0x000000000800055c                __floatdidf
                0x000000000800055c                __aeabi_l2d
 .text          0x00000000080005b8      0x424 C:/ST/STM32CubeIDE_1.14.1/STM32CubeIDE/plugins/com.st.stm32cube.ide.mcu.externaltools.gnu-tools-for-stm32.11.3.rel1.win32_1.1.100.202309141235/tools/bin/../lib/gcc/arm-none-eabi/11.3.1/thumb/v7-m/nofp\libgcc.a(_arm_muldivdf3.o)
                0x00000000080005b8                __aeabi_dmul
                0x00000000080005b8                __muldf3
                0x000000000800080c                __divdf3
                0x000000000800080c                __aeabi_ddiv
 .text          0x00000000080009dc       0x50 C:/ST/STM32CubeIDE_1.14.1/STM32CubeIDE/plugins/com.st.stm32cube.ide.mcu.externaltools.gnu-tools-for-stm32.11.3.rel1.win32_1.1.100.202309141235/tools/bin/../lib/gcc/arm-none-eabi/11.3.1/thumb/v7-m/nofp\libgcc.a(_arm_fixdfsi.o)
                0x00000000080009dc                __aeabi_d2iz
                0x00000000080009dc                __fixdfsi
 .text          0x0000000008000a2c      0x21c C:/ST/STM32CubeIDE_1.14.1/STM32CubeIDE/plugins/com.st.stm32cube.ide.mcu.externaltools.gnu-tools-for-stm32.11.3.rel1.win32_1.1.100.202309141235/tools/bin/../lib/gcc/arm-none-eabi/11.3.1/thumb/v7-m/nofp\libgcc.a(_arm_addsubsf3.o)
                0x0000000008000a2c                __aeabi_frsub
                0x0000000008000a34                __subsf3
                0x0000000008000a34                __aeabi_fsub
                0x0000000008000a38                __aeabi_fadd
                0x0000000008000a38                __addsf3
                0x0000000008000b98                __aeabi_ui2f
                0x0000000008000b98                __floatunsisf
                0x0000000008000ba0                __aeabi_i2f
                0x0000000008000ba0                __floatsisf
                0x0000000008000bbc                __aeabi_ul2f
                0x0000000008000bbc                __floatundisf
                0x0000000008000bcc                __aeabi_l2f
                0x0000000008000bcc                __floatdisf
 .text          0x0000000008000c48      0x2a0 C:/ST/STM32CubeIDE_1.14.1/STM32CubeIDE/plugins/com.st.stm32cube.ide.mcu.externaltools.gnu-tools-for-stm32.11.3.rel1.win32_1.1.100.202309141235/tools/bin/../lib/gcc/arm-none-eabi/11.3.1/thumb/v7-m/nofp\libgcc.a(_arm_muldivsf3.o)
                0x0000000008000c48                __mulsf3
                0x0000000008000c48                __aeabi_fmul
                0x0000000008000db0                __aeabi_fdiv
                0x0000000008000db0                __divsf3
 *(.text*)
 .text.reverseBits
                0x0000000008000ee8       0x48 ./Core/Src/DDSMLib.o
                0x0000000008000ee8                reverseBits
 .text.crc8     0x0000000008000f30      0x172 ./Core/Src/DDSMLib.o
                0x0000000008000f30                crc8
 *fill*         0x00000000080010a2        0x2 
 .text.checkCRC
                0x00000000080010a4       0x58 ./Core/Src/DDSMLib.o
                0x00000000080010a4                checkCRC
 .text.receiveFromBuffer
                0x00000000080010fc       0x24 ./Core/Src/DDSMLib.o
                0x00000000080010fc                receiveFromBuffer
 .text.send     0x0000000008001120       0x58 ./Core/Src/DDSMLib.o
                0x0000000008001120                send
 .text.Parse_DMA_All
                0x0000000008001178      0x2ac ./Core/Src/DDSMLib.o
                0x0000000008001178                Parse_DMA_All
 .text.setVelocity
                0x0000000008001424       0xc4 ./Core/Src/DDSMLib.o
                0x0000000008001424                setVelocity
 .text.MX_DMA_Init
                0x00000000080014e8       0x8c ./Core/Src/dma.o
                0x00000000080014e8                MX_DMA_Init
 .text.checksum
                0x0000000008001574       0x40 ./Core/Src/freertos.o
                0x0000000008001574                checksum
 .text.HostMessageParse
                0x00000000080015b4       0x88 ./Core/Src/freertos.o
                0x00000000080015b4                HostMessageParse
 .text.vApplicationGetIdleTaskMemory
                0x000000000800163c       0x30 ./Core/Src/freertos.o
                0x000000000800163c                vApplicationGetIdleTaskMemory
 .text.MX_FREERTOS_Init
                0x000000000800166c       0x4c ./Core/Src/freertos.o
                0x000000000800166c                MX_FREERTOS_Init
 .text.HAL_UART_RxCpltCallback
                0x00000000080016b8      0x130 ./Core/Src/freertos.o
                0x00000000080016b8                HAL_UART_RxCpltCallback
 .text.Serial_Task
                0x00000000080017e8       0x8c ./Core/Src/freertos.o
                0x00000000080017e8                Serial_Task
 .text.Motor_Task
                0x0000000008001874        0xa ./Core/Src/freertos.o
                0x0000000008001874                Motor_Task
 *fill*         0x000000000800187e        0x2 
 .text.MX_GPIO_Init
                0x0000000008001880       0x5c ./Core/Src/gpio.o
                0x0000000008001880                MX_GPIO_Init
 .text.main     0x00000000080018dc       0x2a ./Core/Src/main.o
                0x00000000080018dc                main
 .text.SystemClock_Config
                0x0000000008001906       0x8a ./Core/Src/main.o
                0x0000000008001906                SystemClock_Config
 .text.Error_Handler
                0x0000000008001990        0xa ./Core/Src/main.o
                0x0000000008001990                Error_Handler
 *fill*         0x000000000800199a        0x2 
 .text.HAL_MspInit
                0x000000000800199c       0x70 ./Core/Src/stm32f1xx_hal_msp.o
                0x000000000800199c                HAL_MspInit
 .text.NMI_Handler
                0x0000000008001a0c        0x6 ./Core/Src/stm32f1xx_it.o
                0x0000000008001a0c                NMI_Handler
 .text.HardFault_Handler
                0x0000000008001a12        0x6 ./Core/Src/stm32f1xx_it.o
                0x0000000008001a12                HardFault_Handler
 .text.MemManage_Handler
                0x0000000008001a18        0x6 ./Core/Src/stm32f1xx_it.o
                0x0000000008001a18                MemManage_Handler
 .text.BusFault_Handler
                0x0000000008001a1e        0x6 ./Core/Src/stm32f1xx_it.o
                0x0000000008001a1e                BusFault_Handler
 .text.UsageFault_Handler
                0x0000000008001a24        0x6 ./Core/Src/stm32f1xx_it.o
                0x0000000008001a24                UsageFault_Handler
 .text.DebugMon_Handler
                0x0000000008001a2a        0xc ./Core/Src/stm32f1xx_it.o
                0x0000000008001a2a                DebugMon_Handler
 .text.SysTick_Handler
                0x0000000008001a36       0x1a ./Core/Src/stm32f1xx_it.o
                0x0000000008001a36                SysTick_Handler
 .text.DMA1_Channel2_IRQHandler
                0x0000000008001a50       0x14 ./Core/Src/stm32f1xx_it.o
                0x0000000008001a50                DMA1_Channel2_IRQHandler
 .text.DMA1_Channel3_IRQHandler
                0x0000000008001a64       0x14 ./Core/Src/stm32f1xx_it.o
                0x0000000008001a64                DMA1_Channel3_IRQHandler
 .text.DMA1_Channel4_IRQHandler
                0x0000000008001a78       0x14 ./Core/Src/stm32f1xx_it.o
                0x0000000008001a78                DMA1_Channel4_IRQHandler
 .text.DMA1_Channel5_IRQHandler
                0x0000000008001a8c       0x14 ./Core/Src/stm32f1xx_it.o
                0x0000000008001a8c                DMA1_Channel5_IRQHandler
 .text.DMA1_Channel6_IRQHandler
                0x0000000008001aa0       0x14 ./Core/Src/stm32f1xx_it.o
                0x0000000008001aa0                DMA1_Channel6_IRQHandler
 .text.DMA1_Channel7_IRQHandler
                0x0000000008001ab4       0x14 ./Core/Src/stm32f1xx_it.o
                0x0000000008001ab4                DMA1_Channel7_IRQHandler
 .text.USART1_IRQHandler
                0x0000000008001ac8       0x14 ./Core/Src/stm32f1xx_it.o
                0x0000000008001ac8                USART1_IRQHandler
 .text.USART2_IRQHandler
                0x0000000008001adc       0x14 ./Core/Src/stm32f1xx_it.o
                0x0000000008001adc                USART2_IRQHandler
 .text.USART3_IRQHandler
                0x0000000008001af0       0x14 ./Core/Src/stm32f1xx_it.o
                0x0000000008001af0                USART3_IRQHandler
 .text.SystemInit
                0x0000000008001b04        0xc ./Core/Src/system_stm32f1xx.o
                0x0000000008001b04                SystemInit
 .text.MX_USART1_UART_Init
                0x0000000008001b10       0x54 ./Core/Src/usart.o
                0x0000000008001b10                MX_USART1_UART_Init
 .text.MX_USART2_UART_Init
                0x0000000008001b64       0x54 ./Core/Src/usart.o
                0x0000000008001b64                MX_USART2_UART_Init
 .text.MX_USART3_UART_Init
                0x0000000008001bb8       0x54 ./Core/Src/usart.o
                0x0000000008001bb8                MX_USART3_UART_Init
 .text.HAL_UART_MspInit
                0x0000000008001c0c      0x3b4 ./Core/Src/usart.o
                0x0000000008001c0c                HAL_UART_MspInit
 .text.Reset_Handler
                0x0000000008001fc0       0x48 ./Core/Startup/startup_stm32f103rctx.o
                0x0000000008001fc0                Reset_Handler
 .text.Default_Handler
                0x0000000008002008        0x2 ./Core/Startup/startup_stm32f103rctx.o
                0x0000000008002008                RTC_Alarm_IRQHandler
                0x0000000008002008                EXTI2_IRQHandler
                0x0000000008002008                TIM8_TRG_COM_IRQHandler
                0x0000000008002008                TIM8_CC_IRQHandler
                0x0000000008002008                TIM1_CC_IRQHandler
                0x0000000008002008                TIM6_IRQHandler
                0x0000000008002008                PVD_IRQHandler
                0x0000000008002008                SDIO_IRQHandler
                0x0000000008002008                EXTI3_IRQHandler
                0x0000000008002008                EXTI0_IRQHandler
                0x0000000008002008                I2C2_EV_IRQHandler
                0x0000000008002008                ADC1_2_IRQHandler
                0x0000000008002008                SPI1_IRQHandler
                0x0000000008002008                TAMPER_IRQHandler
                0x0000000008002008                TIM8_UP_IRQHandler
                0x0000000008002008                DMA2_Channel2_IRQHandler
                0x0000000008002008                RTC_IRQHandler
                0x0000000008002008                CAN1_RX1_IRQHandler
                0x0000000008002008                UART5_IRQHandler
                0x0000000008002008                ADC3_IRQHandler
                0x0000000008002008                TIM4_IRQHandler
                0x0000000008002008                DMA2_Channel1_IRQHandler
                0x0000000008002008                I2C1_EV_IRQHandler
                0x0000000008002008                UART4_IRQHandler
                0x0000000008002008                TIM3_IRQHandler
                0x0000000008002008                RCC_IRQHandler
                0x0000000008002008                TIM1_TRG_COM_IRQHandler
                0x0000000008002008                DMA1_Channel1_IRQHandler
                0x0000000008002008                Default_Handler
                0x0000000008002008                EXTI15_10_IRQHandler
                0x0000000008002008                TIM7_IRQHandler
                0x0000000008002008                TIM5_IRQHandler
                0x0000000008002008                EXTI9_5_IRQHandler
                0x0000000008002008                SPI2_IRQHandler
                0x0000000008002008                EXTI4_IRQHandler
                0x0000000008002008                USB_LP_CAN1_RX0_IRQHandler
                0x0000000008002008                USB_HP_CAN1_TX_IRQHandler
                0x0000000008002008                FSMC_IRQHandler
                0x0000000008002008                TIM1_UP_IRQHandler
                0x0000000008002008                WWDG_IRQHandler
                0x0000000008002008                TIM2_IRQHandler
                0x0000000008002008                TIM1_BRK_IRQHandler
                0x0000000008002008                EXTI1_IRQHandler
                0x0000000008002008                DMA2_Channel4_5_IRQHandler
                0x0000000008002008                I2C2_ER_IRQHandler
                0x0000000008002008                TIM8_BRK_IRQHandler
                0x0000000008002008                CAN1_SCE_IRQHandler
                0x0000000008002008                FLASH_IRQHandler
                0x0000000008002008                SPI3_IRQHandler
                0x0000000008002008                I2C1_ER_IRQHandler
                0x0000000008002008                USBWakeUp_IRQHandler
                0x0000000008002008                DMA2_Channel3_IRQHandler
 *fill*         0x000000000800200a        0x2 
 .text.HAL_Init
                0x000000000800200c       0x2c ./Drivers/STM32F1xx_HAL_Driver/Src/stm32f1xx_hal.o
                0x000000000800200c                HAL_Init
 .text.HAL_InitTick
                0x0000000008002038       0x60 ./Drivers/STM32F1xx_HAL_Driver/Src/stm32f1xx_hal.o
                0x0000000008002038                HAL_InitTick
 .text.HAL_IncTick
                0x0000000008002098       0x24 ./Drivers/STM32F1xx_HAL_Driver/Src/stm32f1xx_hal.o
                0x0000000008002098                HAL_IncTick
 .text.HAL_GetTick
                0x00000000080020bc       0x14 ./Drivers/STM32F1xx_HAL_Driver/Src/stm32f1xx_hal.o
                0x00000000080020bc                HAL_GetTick
 .text.__NVIC_SetPriorityGrouping
                0x00000000080020d0       0x48 ./Drivers/STM32F1xx_HAL_Driver/Src/stm32f1xx_hal_cortex.o
 .text.__NVIC_GetPriorityGrouping
                0x0000000008002118       0x1c ./Drivers/STM32F1xx_HAL_Driver/Src/stm32f1xx_hal_cortex.o
 .text.__NVIC_EnableIRQ
                0x0000000008002134       0x38 ./Drivers/STM32F1xx_HAL_Driver/Src/stm32f1xx_hal_cortex.o
 .text.__NVIC_SetPriority
                0x000000000800216c       0x54 ./Drivers/STM32F1xx_HAL_Driver/Src/stm32f1xx_hal_cortex.o
 .text.NVIC_EncodePriority
                0x00000000080021c0       0x64 ./Drivers/STM32F1xx_HAL_Driver/Src/stm32f1xx_hal_cortex.o
 .text.SysTick_Config
                0x0000000008002224       0x44 ./Drivers/STM32F1xx_HAL_Driver/Src/stm32f1xx_hal_cortex.o
 .text.HAL_NVIC_SetPriorityGrouping
                0x0000000008002268       0x16 ./Drivers/STM32F1xx_HAL_Driver/Src/stm32f1xx_hal_cortex.o
                0x0000000008002268                HAL_NVIC_SetPriorityGrouping
 .text.HAL_NVIC_SetPriority
                0x000000000800227e       0x38 ./Drivers/STM32F1xx_HAL_Driver/Src/stm32f1xx_hal_cortex.o
                0x000000000800227e                HAL_NVIC_SetPriority
 .text.HAL_NVIC_EnableIRQ
                0x00000000080022b6       0x1c ./Drivers/STM32F1xx_HAL_Driver/Src/stm32f1xx_hal_cortex.o
                0x00000000080022b6                HAL_NVIC_EnableIRQ
 .text.HAL_SYSTICK_Config
                0x00000000080022d2       0x18 ./Drivers/STM32F1xx_HAL_Driver/Src/stm32f1xx_hal_cortex.o
                0x00000000080022d2                HAL_SYSTICK_Config
 *fill*         0x00000000080022ea        0x2 
 .text.HAL_DMA_Init
                0x00000000080022ec       0xec ./Drivers/STM32F1xx_HAL_Driver/Src/stm32f1xx_hal_dma.o
                0x00000000080022ec                HAL_DMA_Init
 .text.HAL_DMA_Start_IT
                0x00000000080023d8       0xc0 ./Drivers/STM32F1xx_HAL_Driver/Src/stm32f1xx_hal_dma.o
                0x00000000080023d8                HAL_DMA_Start_IT
 .text.HAL_DMA_Abort
                0x0000000008002498       0x76 ./Drivers/STM32F1xx_HAL_Driver/Src/stm32f1xx_hal_dma.o
                0x0000000008002498                HAL_DMA_Abort
 *fill*         0x000000000800250e        0x2 
 .text.HAL_DMA_Abort_IT
                0x0000000008002510      0x210 ./Drivers/STM32F1xx_HAL_Driver/Src/stm32f1xx_hal_dma.o
                0x0000000008002510                HAL_DMA_Abort_IT
 .text.HAL_DMA_IRQHandler
                0x0000000008002720      0x478 ./Drivers/STM32F1xx_HAL_Driver/Src/stm32f1xx_hal_dma.o
                0x0000000008002720                HAL_DMA_IRQHandler
 .text.DMA_SetConfig
                0x0000000008002b98       0x5a ./Drivers/STM32F1xx_HAL_Driver/Src/stm32f1xx_hal_dma.o
 *fill*         0x0000000008002bf2        0x2 
 .text.HAL_GPIO_Init
                0x0000000008002bf4      0x328 ./Drivers/STM32F1xx_HAL_Driver/Src/stm32f1xx_hal_gpio.o
                0x0000000008002bf4                HAL_GPIO_Init
 .text.HAL_RCC_OscConfig
                0x0000000008002f1c      0x504 ./Drivers/STM32F1xx_HAL_Driver/Src/stm32f1xx_hal_rcc.o
                0x0000000008002f1c                HAL_RCC_OscConfig
 .text.HAL_RCC_ClockConfig
                0x0000000008003420      0x1d4 ./Drivers/STM32F1xx_HAL_Driver/Src/stm32f1xx_hal_rcc.o
                0x0000000008003420                HAL_RCC_ClockConfig
 .text.HAL_RCC_GetSysClockFreq
                0x00000000080035f4       0xa8 ./Drivers/STM32F1xx_HAL_Driver/Src/stm32f1xx_hal_rcc.o
                0x00000000080035f4                HAL_RCC_GetSysClockFreq
 .text.HAL_RCC_GetHCLKFreq
                0x000000000800369c       0x14 ./Drivers/STM32F1xx_HAL_Driver/Src/stm32f1xx_hal_rcc.o
                0x000000000800369c                HAL_RCC_GetHCLKFreq
 .text.HAL_RCC_GetPCLK1Freq
                0x00000000080036b0       0x28 ./Drivers/STM32F1xx_HAL_Driver/Src/stm32f1xx_hal_rcc.o
                0x00000000080036b0                HAL_RCC_GetPCLK1Freq
 .text.HAL_RCC_GetPCLK2Freq
                0x00000000080036d8       0x28 ./Drivers/STM32F1xx_HAL_Driver/Src/stm32f1xx_hal_rcc.o
                0x00000000080036d8                HAL_RCC_GetPCLK2Freq
 .text.RCC_Delay
                0x0000000008003700       0x3c ./Drivers/STM32F1xx_HAL_Driver/Src/stm32f1xx_hal_rcc.o
 .text.HAL_UART_Init
                0x000000000800373c       0xa0 ./Drivers/STM32F1xx_HAL_Driver/Src/stm32f1xx_hal_uart.o
                0x000000000800373c                HAL_UART_Init
 .text.HAL_UART_Transmit
                0x00000000080037dc      0x116 ./Drivers/STM32F1xx_HAL_Driver/Src/stm32f1xx_hal_uart.o
                0x00000000080037dc                HAL_UART_Transmit
 .text.HAL_UART_Receive_DMA
                0x00000000080038f2       0x4a ./Drivers/STM32F1xx_HAL_Driver/Src/stm32f1xx_hal_uart.o
                0x00000000080038f2                HAL_UART_Receive_DMA
 .text.HAL_UART_IRQHandler
                0x000000000800393c      0x524 ./Drivers/STM32F1xx_HAL_Driver/Src/stm32f1xx_hal_uart.o
                0x000000000800393c                HAL_UART_IRQHandler
 .text.HAL_UART_TxCpltCallback
                0x0000000008003e60       0x12 ./Drivers/STM32F1xx_HAL_Driver/Src/stm32f1xx_hal_uart.o
                0x0000000008003e60                HAL_UART_TxCpltCallback
 .text.HAL_UART_RxHalfCpltCallback
                0x0000000008003e72       0x12 ./Drivers/STM32F1xx_HAL_Driver/Src/stm32f1xx_hal_uart.o
                0x0000000008003e72                HAL_UART_RxHalfCpltCallback
 .text.HAL_UART_ErrorCallback
                0x0000000008003e84       0x12 ./Drivers/STM32F1xx_HAL_Driver/Src/stm32f1xx_hal_uart.o
                0x0000000008003e84                HAL_UART_ErrorCallback
 .text.HAL_UARTEx_RxEventCallback
                0x0000000008003e96       0x16 ./Drivers/STM32F1xx_HAL_Driver/Src/stm32f1xx_hal_uart.o
                0x0000000008003e96                HAL_UARTEx_RxEventCallback
 .text.UART_DMAReceiveCplt
                0x0000000008003eac      0x12c ./Drivers/STM32F1xx_HAL_Driver/Src/stm32f1xx_hal_uart.o
 .text.UART_DMARxHalfCplt
                0x0000000008003fd8       0x3c ./Drivers/STM32F1xx_HAL_Driver/Src/stm32f1xx_hal_uart.o
 .text.UART_DMAError
                0x0000000008004014       0x94 ./Drivers/STM32F1xx_HAL_Driver/Src/stm32f1xx_hal_uart.o
 .text.UART_WaitOnFlagUntilTimeout
                0x00000000080040a8       0xb2 ./Drivers/STM32F1xx_HAL_Driver/Src/stm32f1xx_hal_uart.o
 *fill*         0x000000000800415a        0x2 
 .text.UART_Start_Receive_DMA
                0x000000000800415c      0x134 ./Drivers/STM32F1xx_HAL_Driver/Src/stm32f1xx_hal_uart.o
                0x000000000800415c                UART_Start_Receive_DMA
 .text.UART_EndTxTransfer
                0x0000000008004290       0x4e ./Drivers/STM32F1xx_HAL_Driver/Src/stm32f1xx_hal_uart.o
 .text.UART_EndRxTransfer
                0x00000000080042de       0xc4 ./Drivers/STM32F1xx_HAL_Driver/Src/stm32f1xx_hal_uart.o
 .text.UART_DMAAbortOnError
                0x00000000080043a2       0x28 ./Drivers/STM32F1xx_HAL_Driver/Src/stm32f1xx_hal_uart.o
 .text.UART_Transmit_IT
                0x00000000080043ca       0x9e ./Drivers/STM32F1xx_HAL_Driver/Src/stm32f1xx_hal_uart.o
 .text.UART_EndTransmit_IT
                0x0000000008004468       0x30 ./Drivers/STM32F1xx_HAL_Driver/Src/stm32f1xx_hal_uart.o
 .text.UART_Receive_IT
                0x0000000008004498      0x17c ./Drivers/STM32F1xx_HAL_Driver/Src/stm32f1xx_hal_uart.o
 .text.UART_SetConfig
                0x0000000008004614      0x11c ./Drivers/STM32F1xx_HAL_Driver/Src/stm32f1xx_hal_uart.o
 .text.vListInitialise
                0x0000000008004730       0x3e ./Middlewares/Third_Party/FreeRTOS/Source/list.o
                0x0000000008004730                vListInitialise
 .text.vListInitialiseItem
                0x000000000800476e       0x18 ./Middlewares/Third_Party/FreeRTOS/Source/list.o
                0x000000000800476e                vListInitialiseItem
 .text.vListInsertEnd
                0x0000000008004786       0x46 ./Middlewares/Third_Party/FreeRTOS/Source/list.o
                0x0000000008004786                vListInsertEnd
 .text.vListInsert
                0x00000000080047cc       0x70 ./Middlewares/Third_Party/FreeRTOS/Source/list.o
                0x00000000080047cc                vListInsert
 .text.uxListRemove
                0x000000000800483c       0x52 ./Middlewares/Third_Party/FreeRTOS/Source/list.o
                0x000000000800483c                uxListRemove
 .text.xTaskCreateStatic
                0x000000000800488e       0xba ./Middlewares/Third_Party/FreeRTOS/Source/tasks.o
                0x000000000800488e                xTaskCreateStatic
 .text.xTaskCreate
                0x0000000008004948       0x8a ./Middlewares/Third_Party/FreeRTOS/Source/tasks.o
                0x0000000008004948                xTaskCreate
 .text.prvInitialiseNewTask
                0x00000000080049d2      0x10e ./Middlewares/Third_Party/FreeRTOS/Source/tasks.o
 .text.prvAddNewTaskToReadyList
                0x0000000008004ae0       0xd4 ./Middlewares/Third_Party/FreeRTOS/Source/tasks.o
 .text.vTaskDelay
                0x0000000008004bb4       0x68 ./Middlewares/Third_Party/FreeRTOS/Source/tasks.o
                0x0000000008004bb4                vTaskDelay
 .text.vTaskStartScheduler
                0x0000000008004c1c       0xc0 ./Middlewares/Third_Party/FreeRTOS/Source/tasks.o
                0x0000000008004c1c                vTaskStartScheduler
 .text.vTaskSuspendAll
                0x0000000008004cdc       0x1c ./Middlewares/Third_Party/FreeRTOS/Source/tasks.o
                0x0000000008004cdc                vTaskSuspendAll
 .text.xTaskResumeAll
                0x0000000008004cf8      0x138 ./Middlewares/Third_Party/FreeRTOS/Source/tasks.o
                0x0000000008004cf8                xTaskResumeAll
 .text.xTaskIncrementTick
                0x0000000008004e30      0x170 ./Middlewares/Third_Party/FreeRTOS/Source/tasks.o
                0x0000000008004e30                xTaskIncrementTick
 .text.vTaskSwitchContext
                0x0000000008004fa0       0xb4 ./Middlewares/Third_Party/FreeRTOS/Source/tasks.o
                0x0000000008004fa0                vTaskSwitchContext
 .text.prvIdleTask
                0x0000000008005054       0x30 ./Middlewares/Third_Party/FreeRTOS/Source/tasks.o
 .text.prvInitialiseTaskLists
                0x0000000008005084       0x80 ./Middlewares/Third_Party/FreeRTOS/Source/tasks.o
 .text.prvCheckTasksWaitingTermination
                0x0000000008005104       0x5c ./Middlewares/Third_Party/FreeRTOS/Source/tasks.o
 .text.prvDeleteTCB
                0x0000000008005160       0x5e ./Middlewares/Third_Party/FreeRTOS/Source/tasks.o
 *fill*         0x00000000080051be        0x2 
 .text.prvResetNextTaskUnblockTime
                0x00000000080051c0       0x40 ./Middlewares/Third_Party/FreeRTOS/Source/tasks.o
 .text.xTaskGetSchedulerState
                0x0000000008005200       0x3c ./Middlewares/Third_Party/FreeRTOS/Source/tasks.o
                0x0000000008005200                xTaskGetSchedulerState
 .text.prvAddCurrentTaskToDelayedList
                0x000000000800523c       0xcc ./Middlewares/Third_Party/FreeRTOS/Source/tasks.o
 .text.pxPortInitialiseStack
                0x0000000008005308       0x58 ./Middlewares/Third_Party/FreeRTOS/Source/portable/GCC/ARM_CM3/port.o
                0x0000000008005308                pxPortInitialiseStack
 .text.prvTaskExitError
                0x0000000008005360       0x58 ./Middlewares/Third_Party/FreeRTOS/Source/portable/GCC/ARM_CM3/port.o
 *fill*         0x00000000080053b8        0x8 
 .text.SVC_Handler
                0x00000000080053c0       0x28 ./Middlewares/Third_Party/FreeRTOS/Source/portable/GCC/ARM_CM3/port.o
                0x00000000080053c0                SVC_Handler
 .text.prvPortStartFirstTask
                0x00000000080053e8       0x20 ./Middlewares/Third_Party/FreeRTOS/Source/portable/GCC/ARM_CM3/port.o
 .text.xPortStartScheduler
                0x0000000008005408       0xe4 ./Middlewares/Third_Party/FreeRTOS/Source/portable/GCC/ARM_CM3/port.o
                0x0000000008005408                xPortStartScheduler
 .text.vPortEnterCritical
                0x00000000080054ec       0x60 ./Middlewares/Third_Party/FreeRTOS/Source/portable/GCC/ARM_CM3/port.o
                0x00000000080054ec                vPortEnterCritical
 .text.vPortExitCritical
                0x000000000800554c       0x50 ./Middlewares/Third_Party/FreeRTOS/Source/portable/GCC/ARM_CM3/port.o
                0x000000000800554c                vPortExitCritical
 *fill*         0x000000000800559c        0x4 
 .text.PendSV_Handler
                0x00000000080055a0       0x48 ./Middlewares/Third_Party/FreeRTOS/Source/portable/GCC/ARM_CM3/port.o
                0x00000000080055a0                PendSV_Handler
 .text.xPortSysTickHandler
                0x00000000080055e8       0x44 ./Middlewares/Third_Party/FreeRTOS/Source/portable/GCC/ARM_CM3/port.o
                0x00000000080055e8                xPortSysTickHandler
 .text.vPortSetupTimerInterrupt
                0x000000000800562c       0x44 ./Middlewares/Third_Party/FreeRTOS/Source/portable/GCC/ARM_CM3/port.o
                0x000000000800562c                vPortSetupTimerInterrupt
 .text.pvPortMalloc
                0x0000000008005670      0x198 ./Middlewares/Third_Party/FreeRTOS/Source/portable/MemMang/heap_4.o
                0x0000000008005670                pvPortMalloc
 .text.vPortFree
                0x0000000008005808       0xc4 ./Middlewares/Third_Party/FreeRTOS/Source/portable/MemMang/heap_4.o
                0x0000000008005808                vPortFree
 .text.prvHeapInit
                0x00000000080058cc       0xc4 ./Middlewares/Third_Party/FreeRTOS/Source/portable/MemMang/heap_4.o
 .text.prvInsertBlockIntoFreeList
                0x0000000008005990       0xb0 ./Middlewares/Third_Party/FreeRTOS/Source/portable/MemMang/heap_4.o
 .text.memset   0x0000000008005a40       0x10 C:/ST/STM32CubeIDE_1.14.1/STM32CubeIDE/plugins/com.st.stm32cube.ide.mcu.externaltools.gnu-tools-for-stm32.11.3.rel1.win32_1.1.100.202309141235/tools/bin/../lib/gcc/arm-none-eabi/11.3.1/../../../../arm-none-eabi/lib/thumb/v7-m/nofp\libc_nano.a(libc_a-memset.o)
                0x0000000008005a40                memset
 .text.__libc_init_array
                0x0000000008005a50       0x48 C:/ST/STM32CubeIDE_1.14.1/STM32CubeIDE/plugins/com.st.stm32cube.ide.mcu.externaltools.gnu-tools-for-stm32.11.3.rel1.win32_1.1.100.202309141235/tools/bin/../lib/gcc/arm-none-eabi/11.3.1/../../../../arm-none-eabi/lib/thumb/v7-m/nofp\libc_nano.a(libc_a-init.o)
                0x0000000008005a50                __libc_init_array
 .text.round    0x0000000008005a98       0x8c C:/ST/STM32CubeIDE_1.14.1/STM32CubeIDE/plugins/com.st.stm32cube.ide.mcu.externaltools.gnu-tools-for-stm32.11.3.rel1.win32_1.1.100.202309141235/tools/bin/../lib/gcc/arm-none-eabi/11.3.1/../../../../arm-none-eabi/lib/thumb/v7-m/nofp\libm.a(libm_a-s_round.o)
                0x0000000008005a98                round
 *(.glue_7)
 .glue_7        0x0000000008005b24        0x0 linker stubs
 *(.glue_7t)
 .glue_7t       0x0000000008005b24        0x0 linker stubs
 *(.eh_frame)
 .eh_frame      0x0000000008005b24        0x0 C:/ST/STM32CubeIDE_1.14.1/STM32CubeIDE/plugins/com.st.stm32cube.ide.mcu.externaltools.gnu-tools-for-stm32.11.3.rel1.win32_1.1.100.202309141235/tools/bin/../lib/gcc/arm-none-eabi/11.3.1/thumb/v7-m/nofp/crtbegin.o
 *(.init)
 .init          0x0000000008005b24        0x4 C:/ST/STM32CubeIDE_1.14.1/STM32CubeIDE/plugins/com.st.stm32cube.ide.mcu.externaltools.gnu-tools-for-stm32.11.3.rel1.win32_1.1.100.202309141235/tools/bin/../lib/gcc/arm-none-eabi/11.3.1/thumb/v7-m/nofp/crti.o
                0x0000000008005b24                _init
 .init          0x0000000008005b28        0x8 C:/ST/STM32CubeIDE_1.14.1/STM32CubeIDE/plugins/com.st.stm32cube.ide.mcu.externaltools.gnu-tools-for-stm32.11.3.rel1.win32_1.1.100.202309141235/tools/bin/../lib/gcc/arm-none-eabi/11.3.1/thumb/v7-m/nofp/crtn.o
 *(.fini)
 .fini          0x0000000008005b30        0x4 C:/ST/STM32CubeIDE_1.14.1/STM32CubeIDE/plugins/com.st.stm32cube.ide.mcu.externaltools.gnu-tools-for-stm32.11.3.rel1.win32_1.1.100.202309141235/tools/bin/../lib/gcc/arm-none-eabi/11.3.1/thumb/v7-m/nofp/crti.o
                0x0000000008005b30                _fini
 .fini          0x0000000008005b34        0x8 C:/ST/STM32CubeIDE_1.14.1/STM32CubeIDE/plugins/com.st.stm32cube.ide.mcu.externaltools.gnu-tools-for-stm32.11.3.rel1.win32_1.1.100.202309141235/tools/bin/../lib/gcc/arm-none-eabi/11.3.1/thumb/v7-m/nofp/crtn.o
                0x0000000008005b3c                . = ALIGN (0x4)
                0x0000000008005b3c                _etext = .

.vfp11_veneer   0x0000000008005b3c        0x0
 .vfp11_veneer  0x0000000008005b3c        0x0 linker stubs

.v4_bx          0x0000000008005b3c        0x0
 .v4_bx         0x0000000008005b3c        0x0 linker stubs

.iplt           0x0000000008005b3c        0x0
 .iplt          0x0000000008005b3c        0x0 C:/ST/STM32CubeIDE_1.14.1/STM32CubeIDE/plugins/com.st.stm32cube.ide.mcu.externaltools.gnu-tools-for-stm32.11.3.rel1.win32_1.1.100.202309141235/tools/bin/../lib/gcc/arm-none-eabi/11.3.1/thumb/v7-m/nofp/crtbegin.o

.rodata         0x0000000008005b3c       0x50
                0x0000000008005b3c                . = ALIGN (0x4)
 *(.rodata)
 .rodata        0x0000000008005b3c       0x1b ./Core/Src/freertos.o
 *fill*         0x0000000008005b57        0x1 
 .rodata        0x0000000008005b58        0x5 ./Middlewares/Third_Party/FreeRTOS/Source/tasks.o
 *(.rodata*)
 *fill*         0x0000000008005b5d        0x3 
 .rodata.AHBPrescTable
                0x0000000008005b60       0x10 ./Core/Src/system_stm32f1xx.o
                0x0000000008005b60                AHBPrescTable
 .rodata.APBPrescTable
                0x0000000008005b70        0x8 ./Core/Src/system_stm32f1xx.o
                0x0000000008005b70                APBPrescTable
 .rodata.aPLLMULFactorTable.1
                0x0000000008005b78       0x10 ./Drivers/STM32F1xx_HAL_Driver/Src/stm32f1xx_hal_rcc.o
 .rodata.aPredivFactorTable.0
                0x0000000008005b88        0x2 ./Drivers/STM32F1xx_HAL_Driver/Src/stm32f1xx_hal_rcc.o
                0x0000000008005b8c                . = ALIGN (0x4)
 *fill*         0x0000000008005b8a        0x2 

.rel.dyn        0x0000000008005b8c        0x0
 .rel.iplt      0x0000000008005b8c        0x0 C:/ST/STM32CubeIDE_1.14.1/STM32CubeIDE/plugins/com.st.stm32cube.ide.mcu.externaltools.gnu-tools-for-stm32.11.3.rel1.win32_1.1.100.202309141235/tools/bin/../lib/gcc/arm-none-eabi/11.3.1/thumb/v7-m/nofp/crtbegin.o

.ARM.extab      0x0000000008005b8c        0x0
                0x0000000008005b8c                . = ALIGN (0x4)
 *(.ARM.extab* .gnu.linkonce.armextab.*)
                0x0000000008005b8c                . = ALIGN (0x4)

.ARM            0x0000000008005b8c        0x0
                0x0000000008005b8c                . = ALIGN (0x4)
                0x0000000008005b8c                __exidx_start = .
 *(.ARM.exidx*)
                0x0000000008005b8c                __exidx_end = .
                0x0000000008005b8c                . = ALIGN (0x4)

.preinit_array  0x0000000008005b8c        0x0
                0x0000000008005b8c                . = ALIGN (0x4)
                0x0000000008005b8c                PROVIDE (__preinit_array_start = .)
 *(.preinit_array*)
                0x0000000008005b8c                PROVIDE (__preinit_array_end = .)
                0x0000000008005b8c                . = ALIGN (0x4)

.init_array     0x0000000008005b8c        0x4
                0x0000000008005b8c                . = ALIGN (0x4)
                0x0000000008005b8c                PROVIDE (__init_array_start = .)
 *(SORT_BY_NAME(.init_array.*))
 *(.init_array*)
 .init_array    0x0000000008005b8c        0x4 C:/ST/STM32CubeIDE_1.14.1/STM32CubeIDE/plugins/com.st.stm32cube.ide.mcu.externaltools.gnu-tools-for-stm32.11.3.rel1.win32_1.1.100.202309141235/tools/bin/../lib/gcc/arm-none-eabi/11.3.1/thumb/v7-m/nofp/crtbegin.o
                0x0000000008005b90                PROVIDE (__init_array_end = .)
                0x0000000008005b90                . = ALIGN (0x4)

.fini_array     0x0000000008005b90        0x4
                0x0000000008005b90                . = ALIGN (0x4)
                [!provide]                        PROVIDE (__fini_array_start = .)
 *(SORT_BY_NAME(.fini_array.*))
 *(.fini_array*)
 .fini_array    0x0000000008005b90        0x4 C:/ST/STM32CubeIDE_1.14.1/STM32CubeIDE/plugins/com.st.stm32cube.ide.mcu.externaltools.gnu-tools-for-stm32.11.3.rel1.win32_1.1.100.202309141235/tools/bin/../lib/gcc/arm-none-eabi/11.3.1/thumb/v7-m/nofp/crtbegin.o
                [!provide]                        PROVIDE (__fini_array_end = .)
                0x0000000008005b94                . = ALIGN (0x4)
                0x0000000008005b94                _sidata = LOADADDR (.data)

.data           0x0000000020000000       0x18 load address 0x0000000008005b94
                0x0000000020000000                . = ALIGN (0x4)
                0x0000000020000000                _sdata = .
 *(.data)
 *(.data*)
 .data.CRC8_MAXIM_REFIN
                0x0000000020000000        0x1 ./Core/Src/DDSMLib.o
                0x0000000020000000                CRC8_MAXIM_REFIN
 .data.CRC8_MAXIM_REFOUT
                0x0000000020000001        0x1 ./Core/Src/DDSMLib.o
                0x0000000020000001                CRC8_MAXIM_REFOUT
 *fill*         0x0000000020000002        0x2 
 .data.L_R_delay
                0x0000000020000004        0x4 ./Core/Src/freertos.o
                0x0000000020000004                L_R_delay
 .data.SystemCoreClock
                0x0000000020000008        0x4 ./Core/Src/system_stm32f1xx.o
                0x0000000020000008                SystemCoreClock
 .data.uwTickPrio
                0x000000002000000c        0x4 ./Drivers/STM32F1xx_HAL_Driver/Src/stm32f1xx_hal.o
                0x000000002000000c                uwTickPrio
 .data.uwTickFreq
                0x0000000020000010        0x1 ./Drivers/STM32F1xx_HAL_Driver/Src/stm32f1xx_hal.o
                0x0000000020000010                uwTickFreq
 *fill*         0x0000000020000011        0x3 
 .data.uxCriticalNesting
                0x0000000020000014        0x4 ./Middlewares/Third_Party/FreeRTOS/Source/portable/GCC/ARM_CM3/port.o
 *(.RamFunc)
 *(.RamFunc*)
                0x0000000020000018                . = ALIGN (0x4)
                0x0000000020000018                _edata = .

.igot.plt       0x0000000020000018        0x0 load address 0x0000000008005bac
 .igot.plt      0x0000000020000018        0x0 C:/ST/STM32CubeIDE_1.14.1/STM32CubeIDE/plugins/com.st.stm32cube.ide.mcu.externaltools.gnu-tools-for-stm32.11.3.rel1.win32_1.1.100.202309141235/tools/bin/../lib/gcc/arm-none-eabi/11.3.1/thumb/v7-m/nofp/crtbegin.o
                0x0000000020000018                . = ALIGN (0x4)

.bss            0x0000000020000018     0x12b4 load address 0x0000000008005bac
                0x0000000020000018                _sbss = .
                0x0000000020000018                __bss_start__ = _sbss
 *(.bss)
 .bss           0x0000000020000018       0x1c C:/ST/STM32CubeIDE_1.14.1/STM32CubeIDE/plugins/com.st.stm32cube.ide.mcu.externaltools.gnu-tools-for-stm32.11.3.rel1.win32_1.1.100.202309141235/tools/bin/../lib/gcc/arm-none-eabi/11.3.1/thumb/v7-m/nofp/crtbegin.o
 *(.bss*)
 .bss.velocityR
                0x0000000020000034        0x2 ./Core/Src/DDSMLib.o
                0x0000000020000034                velocityR
 .bss.velocityL
                0x0000000020000036        0x2 ./Core/Src/DDSMLib.o
                0x0000000020000036                velocityL
 .bss.responseBuffer
                0x0000000020000038       0x19 ./Core/Src/DDSMLib.o
                0x0000000020000038                responseBuffer
 *fill*         0x0000000020000051        0x3 
 .bss.responseBufferH
                0x0000000020000054        0xa ./Core/Src/DDSMLib.o
                0x0000000020000054                responseBufferH
 *fill*         0x000000002000005e        0x2 
 .bss.responseBufferL
                0x0000000020000060        0xa ./Core/Src/DDSMLib.o
                0x0000000020000060                responseBufferL
 *fill*         0x000000002000006a        0x2 
 .bss.wheelsensor
                0x000000002000006c       0x18 ./Core/Src/DDSMLib.o
                0x000000002000006c                wheelsensor
 .bss.commandBuffer
                0x0000000020000084        0xa ./Core/Src/DDSMLib.o
                0x0000000020000084                commandBuffer
 *fill*         0x000000002000008e        0x2 
 .bss.receiveBytes
                0x0000000020000090        0x8 ./Core/Src/freertos.o
                0x0000000020000090                receiveBytes
 .bss.receiveBuff
                0x0000000020000098        0x8 ./Core/Src/freertos.o
                0x0000000020000098                receiveBuff
 .bss.motors    0x00000000200000a0        0x6 ./Core/Src/freertos.o
                0x00000000200000a0                motors
 *fill*         0x00000000200000a6        0x2 
 .bss.Serial_Task_Handler
                0x00000000200000a8        0x4 ./Core/Src/freertos.o
                0x00000000200000a8                Serial_Task_Handler
 .bss.Motor_Task_Handler
                0x00000000200000ac        0x4 ./Core/Src/freertos.o
                0x00000000200000ac                Motor_Task_Handler
 .bss.xIdleTaskTCBBuffer
                0x00000000200000b0       0x54 ./Core/Src/freertos.o
 .bss.xIdleStack
                0x0000000020000104      0x200 ./Core/Src/freertos.o
 .bss.huart1    0x0000000020000304       0x48 ./Core/Src/usart.o
                0x0000000020000304                huart1
 .bss.huart2    0x000000002000034c       0x48 ./Core/Src/usart.o
                0x000000002000034c                huart2
 .bss.huart3    0x0000000020000394       0x48 ./Core/Src/usart.o
                0x0000000020000394                huart3
 .bss.hdma_usart1_rx
                0x00000000200003dc       0x44 ./Core/Src/usart.o
                0x00000000200003dc                hdma_usart1_rx
 .bss.hdma_usart1_tx
                0x0000000020000420       0x44 ./Core/Src/usart.o
                0x0000000020000420                hdma_usart1_tx
 .bss.hdma_usart2_rx
                0x0000000020000464       0x44 ./Core/Src/usart.o
                0x0000000020000464                hdma_usart2_rx
 .bss.hdma_usart2_tx
                0x00000000200004a8       0x44 ./Core/Src/usart.o
                0x00000000200004a8                hdma_usart2_tx
 .bss.hdma_usart3_rx
                0x00000000200004ec       0x44 ./Core/Src/usart.o
                0x00000000200004ec                hdma_usart3_rx
 .bss.hdma_usart3_tx
                0x0000000020000530       0x44 ./Core/Src/usart.o
                0x0000000020000530                hdma_usart3_tx
 .bss.uwTick    0x0000000020000574        0x4 ./Drivers/STM32F1xx_HAL_Driver/Src/stm32f1xx_hal.o
                0x0000000020000574                uwTick
 .bss.pxCurrentTCB
                0x0000000020000578        0x4 ./Middlewares/Third_Party/FreeRTOS/Source/tasks.o
                0x0000000020000578                pxCurrentTCB
 .bss.pxReadyTasksLists
                0x000000002000057c       0x8c ./Middlewares/Third_Party/FreeRTOS/Source/tasks.o
 .bss.xDelayedTaskList1
                0x0000000020000608       0x14 ./Middlewares/Third_Party/FreeRTOS/Source/tasks.o
 .bss.xDelayedTaskList2
                0x000000002000061c       0x14 ./Middlewares/Third_Party/FreeRTOS/Source/tasks.o
 .bss.pxDelayedTaskList
                0x0000000020000630        0x4 ./Middlewares/Third_Party/FreeRTOS/Source/tasks.o
 .bss.pxOverflowDelayedTaskList
                0x0000000020000634        0x4 ./Middlewares/Third_Party/FreeRTOS/Source/tasks.o
 .bss.xPendingReadyList
                0x0000000020000638       0x14 ./Middlewares/Third_Party/FreeRTOS/Source/tasks.o
 .bss.xTasksWaitingTermination
                0x000000002000064c       0x14 ./Middlewares/Third_Party/FreeRTOS/Source/tasks.o
 .bss.uxDeletedTasksWaitingCleanUp
                0x0000000020000660        0x4 ./Middlewares/Third_Party/FreeRTOS/Source/tasks.o
 .bss.xSuspendedTaskList
                0x0000000020000664       0x14 ./Middlewares/Third_Party/FreeRTOS/Source/tasks.o
 .bss.uxCurrentNumberOfTasks
                0x0000000020000678        0x4 ./Middlewares/Third_Party/FreeRTOS/Source/tasks.o
 .bss.xTickCount
                0x000000002000067c        0x4 ./Middlewares/Third_Party/FreeRTOS/Source/tasks.o
 .bss.uxTopReadyPriority
                0x0000000020000680        0x4 ./Middlewares/Third_Party/FreeRTOS/Source/tasks.o
 .bss.xSchedulerRunning
                0x0000000020000684        0x4 ./Middlewares/Third_Party/FreeRTOS/Source/tasks.o
 .bss.xPendedTicks
                0x0000000020000688        0x4 ./Middlewares/Third_Party/FreeRTOS/Source/tasks.o
 .bss.xYieldPending
                0x000000002000068c        0x4 ./Middlewares/Third_Party/FreeRTOS/Source/tasks.o
 .bss.xNumOfOverflows
                0x0000000020000690        0x4 ./Middlewares/Third_Party/FreeRTOS/Source/tasks.o
 .bss.uxTaskNumber
                0x0000000020000694        0x4 ./Middlewares/Third_Party/FreeRTOS/Source/tasks.o
 .bss.xNextTaskUnblockTime
                0x0000000020000698        0x4 ./Middlewares/Third_Party/FreeRTOS/Source/tasks.o
 .bss.xIdleTaskHandle
                0x000000002000069c        0x4 ./Middlewares/Third_Party/FreeRTOS/Source/tasks.o
 .bss.uxSchedulerSuspended
                0x00000000200006a0        0x4 ./Middlewares/Third_Party/FreeRTOS/Source/tasks.o
 .bss.ucMaxSysCallPriority
                0x00000000200006a4        0x1 ./Middlewares/Third_Party/FreeRTOS/Source/portable/GCC/ARM_CM3/port.o
 *fill*         0x00000000200006a5        0x3 
 .bss.ulMaxPRIGROUPValue
                0x00000000200006a8        0x4 ./Middlewares/Third_Party/FreeRTOS/Source/portable/GCC/ARM_CM3/port.o
 .bss.ucHeap    0x00000000200006ac      0xc00 ./Middlewares/Third_Party/FreeRTOS/Source/portable/MemMang/heap_4.o
 .bss.xStart    0x00000000200012ac        0x8 ./Middlewares/Third_Party/FreeRTOS/Source/portable/MemMang/heap_4.o
 .bss.pxEnd     0x00000000200012b4        0x4 ./Middlewares/Third_Party/FreeRTOS/Source/portable/MemMang/heap_4.o
 .bss.xFreeBytesRemaining
                0x00000000200012b8        0x4 ./Middlewares/Third_Party/FreeRTOS/Source/portable/MemMang/heap_4.o
 .bss.xMinimumEverFreeBytesRemaining
                0x00000000200012bc        0x4 ./Middlewares/Third_Party/FreeRTOS/Source/portable/MemMang/heap_4.o
 .bss.xNumberOfSuccessfulAllocations
                0x00000000200012c0        0x4 ./Middlewares/Third_Party/FreeRTOS/Source/portable/MemMang/heap_4.o
 .bss.xNumberOfSuccessfulFrees
                0x00000000200012c4        0x4 ./Middlewares/Third_Party/FreeRTOS/Source/portable/MemMang/heap_4.o
 .bss.xBlockAllocatedBit
                0x00000000200012c8        0x4 ./Middlewares/Third_Party/FreeRTOS/Source/portable/MemMang/heap_4.o
 *(COMMON)
                0x00000000200012cc                . = ALIGN (0x4)
                0x00000000200012cc                _ebss = .
                0x00000000200012cc                __bss_end__ = _ebss

._user_heap_stack
                0x00000000200012cc      0x604 load address 0x0000000008005bac
                0x00000000200012d0                . = ALIGN (0x8)
 *fill*         0x00000000200012cc        0x4 
                [!provide]                        PROVIDE (end = .)
                0x00000000200012d0                PROVIDE (_end = .)
                0x00000000200014d0                . = (. + _Min_Heap_Size)
 *fill*         0x00000000200012d0      0x200 
                0x00000000200018d0                . = (. + _Min_Stack_Size)
 *fill*         0x00000000200014d0      0x400 
                0x00000000200018d0                . = ALIGN (0x8)

/DISCARD/
 libc.a(*)
 libm.a(*)
 libgcc.a(*)

.ARM.attributes
                0x0000000000000000       0x29
 *(.ARM.attributes)
 .ARM.attributes
                0x0000000000000000       0x1d C:/ST/STM32CubeIDE_1.14.1/STM32CubeIDE/plugins/com.st.stm32cube.ide.mcu.externaltools.gnu-tools-for-stm32.11.3.rel1.win32_1.1.100.202309141235/tools/bin/../lib/gcc/arm-none-eabi/11.3.1/thumb/v7-m/nofp/crti.o
 .ARM.attributes
                0x000000000000001d       0x2d C:/ST/STM32CubeIDE_1.14.1/STM32CubeIDE/plugins/com.st.stm32cube.ide.mcu.externaltools.gnu-tools-for-stm32.11.3.rel1.win32_1.1.100.202309141235/tools/bin/../lib/gcc/arm-none-eabi/11.3.1/thumb/v7-m/nofp/crtbegin.o
 .ARM.attributes
                0x000000000000004a       0x2d ./Core/Src/DDSMLib.o
 .ARM.attributes
                0x0000000000000077       0x2d ./Core/Src/dma.o
 .ARM.attributes
                0x00000000000000a4       0x2d ./Core/Src/freertos.o
 .ARM.attributes
                0x00000000000000d1       0x2d ./Core/Src/gpio.o
 .ARM.attributes
                0x00000000000000fe       0x2d ./Core/Src/main.o
 .ARM.attributes
                0x000000000000012b       0x2d ./Core/Src/stm32f1xx_hal_msp.o
 .ARM.attributes
                0x0000000000000158       0x2d ./Core/Src/stm32f1xx_it.o
 .ARM.attributes
                0x0000000000000185       0x2d ./Core/Src/system_stm32f1xx.o
 .ARM.attributes
                0x00000000000001b2       0x2d ./Core/Src/usart.o
 .ARM.attributes
                0x00000000000001df       0x21 ./Core/Startup/startup_stm32f103rctx.o
 .ARM.attributes
                0x0000000000000200       0x2d ./Drivers/STM32F1xx_HAL_Driver/Src/stm32f1xx_hal.o
 .ARM.attributes
                0x000000000000022d       0x2d ./Drivers/STM32F1xx_HAL_Driver/Src/stm32f1xx_hal_cortex.o
 .ARM.attributes
                0x000000000000025a       0x2d ./Drivers/STM32F1xx_HAL_Driver/Src/stm32f1xx_hal_dma.o
 .ARM.attributes
                0x0000000000000287       0x2d ./Drivers/STM32F1xx_HAL_Driver/Src/stm32f1xx_hal_gpio.o
 .ARM.attributes
                0x00000000000002b4       0x2d ./Drivers/STM32F1xx_HAL_Driver/Src/stm32f1xx_hal_rcc.o
 .ARM.attributes
                0x00000000000002e1       0x2d ./Drivers/STM32F1xx_HAL_Driver/Src/stm32f1xx_hal_uart.o
 .ARM.attributes
                0x000000000000030e       0x2d ./Middlewares/Third_Party/FreeRTOS/Source/list.o
 .ARM.attributes
                0x000000000000033b       0x2d ./Middlewares/Third_Party/FreeRTOS/Source/tasks.o
 .ARM.attributes
                0x0000000000000368       0x2d ./Middlewares/Third_Party/FreeRTOS/Source/portable/GCC/ARM_CM3/port.o
 .ARM.attributes
                0x0000000000000395       0x2d ./Middlewares/Third_Party/FreeRTOS/Source/portable/MemMang/heap_4.o
 .ARM.attributes
                0x00000000000003c2       0x2d C:/ST/STM32CubeIDE_1.14.1/STM32CubeIDE/plugins/com.st.stm32cube.ide.mcu.externaltools.gnu-tools-for-stm32.11.3.rel1.win32_1.1.100.202309141235/tools/bin/../lib/gcc/arm-none-eabi/11.3.1/../../../../arm-none-eabi/lib/thumb/v7-m/nofp\libc_nano.a(libc_a-memset.o)
 .ARM.attributes
                0x00000000000003ef       0x2d C:/ST/STM32CubeIDE_1.14.1/STM32CubeIDE/plugins/com.st.stm32cube.ide.mcu.externaltools.gnu-tools-for-stm32.11.3.rel1.win32_1.1.100.202309141235/tools/bin/../lib/gcc/arm-none-eabi/11.3.1/../../../../arm-none-eabi/lib/thumb/v7-m/nofp\libc_nano.a(libc_a-init.o)
 .ARM.attributes
                0x000000000000041c       0x17 C:/ST/STM32CubeIDE_1.14.1/STM32CubeIDE/plugins/com.st.stm32cube.ide.mcu.externaltools.gnu-tools-for-stm32.11.3.rel1.win32_1.1.100.202309141235/tools/bin/../lib/gcc/arm-none-eabi/11.3.1/../../../../arm-none-eabi/lib/thumb/v7-m/nofp\libc_nano.a(libc_a-strlen.o)
 .ARM.attributes
                0x0000000000000433       0x2d C:/ST/STM32CubeIDE_1.14.1/STM32CubeIDE/plugins/com.st.stm32cube.ide.mcu.externaltools.gnu-tools-for-stm32.11.3.rel1.win32_1.1.100.202309141235/tools/bin/../lib/gcc/arm-none-eabi/11.3.1/../../../../arm-none-eabi/lib/thumb/v7-m/nofp\libm.a(libm_a-s_round.o)
 .ARM.attributes
                0x0000000000000460       0x1d C:/ST/STM32CubeIDE_1.14.1/STM32CubeIDE/plugins/com.st.stm32cube.ide.mcu.externaltools.gnu-tools-for-stm32.11.3.rel1.win32_1.1.100.202309141235/tools/bin/../lib/gcc/arm-none-eabi/11.3.1/thumb/v7-m/nofp\libgcc.a(_arm_addsubdf3.o)
 .ARM.attributes
                0x000000000000047d       0x1d C:/ST/STM32CubeIDE_1.14.1/STM32CubeIDE/plugins/com.st.stm32cube.ide.mcu.externaltools.gnu-tools-for-stm32.11.3.rel1.win32_1.1.100.202309141235/tools/bin/../lib/gcc/arm-none-eabi/11.3.1/thumb/v7-m/nofp\libgcc.a(_arm_muldivdf3.o)
 .ARM.attributes
                0x000000000000049a       0x1d C:/ST/STM32CubeIDE_1.14.1/STM32CubeIDE/plugins/com.st.stm32cube.ide.mcu.externaltools.gnu-tools-for-stm32.11.3.rel1.win32_1.1.100.202309141235/tools/bin/../lib/gcc/arm-none-eabi/11.3.1/thumb/v7-m/nofp\libgcc.a(_arm_fixdfsi.o)
 .ARM.attributes
                0x00000000000004b7       0x1d C:/ST/STM32CubeIDE_1.14.1/STM32CubeIDE/plugins/com.st.stm32cube.ide.mcu.externaltools.gnu-tools-for-stm32.11.3.rel1.win32_1.1.100.202309141235/tools/bin/../lib/gcc/arm-none-eabi/11.3.1/thumb/v7-m/nofp\libgcc.a(_arm_addsubsf3.o)
 .ARM.attributes
                0x00000000000004d4       0x1d C:/ST/STM32CubeIDE_1.14.1/STM32CubeIDE/plugins/com.st.stm32cube.ide.mcu.externaltools.gnu-tools-for-stm32.11.3.rel1.win32_1.1.100.202309141235/tools/bin/../lib/gcc/arm-none-eabi/11.3.1/thumb/v7-m/nofp\libgcc.a(_arm_muldivsf3.o)
 .ARM.attributes
                0x00000000000004f1       0x1d C:/ST/STM32CubeIDE_1.14.1/STM32CubeIDE/plugins/com.st.stm32cube.ide.mcu.externaltools.gnu-tools-for-stm32.11.3.rel1.win32_1.1.100.202309141235/tools/bin/../lib/gcc/arm-none-eabi/11.3.1/thumb/v7-m/nofp/crtn.o
OUTPUT(f103_robot_rtos.elf elf32-littlearm)
LOAD linker stubs
LOAD C:/ST/STM32CubeIDE_1.14.1/STM32CubeIDE/plugins/com.st.stm32cube.ide.mcu.externaltools.gnu-tools-for-stm32.11.3.rel1.win32_1.1.100.202309141235/tools/bin/../lib/gcc/arm-none-eabi/11.3.1/../../../../arm-none-eabi/lib/thumb/v7-m/nofp\libc.a
LOAD C:/ST/STM32CubeIDE_1.14.1/STM32CubeIDE/plugins/com.st.stm32cube.ide.mcu.externaltools.gnu-tools-for-stm32.11.3.rel1.win32_1.1.100.202309141235/tools/bin/../lib/gcc/arm-none-eabi/11.3.1/../../../../arm-none-eabi/lib/thumb/v7-m/nofp\libm.a
LOAD C:/ST/STM32CubeIDE_1.14.1/STM32CubeIDE/plugins/com.st.stm32cube.ide.mcu.externaltools.gnu-tools-for-stm32.11.3.rel1.win32_1.1.100.202309141235/tools/bin/../lib/gcc/arm-none-eabi/11.3.1/thumb/v7-m/nofp\libgcc.a

.comment        0x0000000000000000       0x43
 .comment       0x0000000000000000       0x43 C:/ST/STM32CubeIDE_1.14.1/STM32CubeIDE/plugins/com.st.stm32cube.ide.mcu.externaltools.gnu-tools-for-stm32.11.3.rel1.win32_1.1.100.202309141235/tools/bin/../lib/gcc/arm-none-eabi/11.3.1/thumb/v7-m/nofp/crtbegin.o
                                         0x44 (size before relaxing)
 .comment       0x0000000000000043       0x44 ./Core/Src/DDSMLib.o
 .comment       0x0000000000000043       0x44 ./Core/Src/dma.o
 .comment       0x0000000000000043       0x44 ./Core/Src/freertos.o
 .comment       0x0000000000000043       0x44 ./Core/Src/gpio.o
 .comment       0x0000000000000043       0x44 ./Core/Src/main.o
 .comment       0x0000000000000043       0x44 ./Core/Src/stm32f1xx_hal_msp.o
 .comment       0x0000000000000043       0x44 ./Core/Src/stm32f1xx_it.o
 .comment       0x0000000000000043       0x44 ./Core/Src/system_stm32f1xx.o
 .comment       0x0000000000000043       0x44 ./Core/Src/usart.o
 .comment       0x0000000000000043       0x44 ./Drivers/STM32F1xx_HAL_Driver/Src/stm32f1xx_hal.o
 .comment       0x0000000000000043       0x44 ./Drivers/STM32F1xx_HAL_Driver/Src/stm32f1xx_hal_cortex.o
 .comment       0x0000000000000043       0x44 ./Drivers/STM32F1xx_HAL_Driver/Src/stm32f1xx_hal_dma.o
 .comment       0x0000000000000043       0x44 ./Drivers/STM32F1xx_HAL_Driver/Src/stm32f1xx_hal_gpio.o
 .comment       0x0000000000000043       0x44 ./Drivers/STM32F1xx_HAL_Driver/Src/stm32f1xx_hal_rcc.o
 .comment       0x0000000000000043       0x44 ./Drivers/STM32F1xx_HAL_Driver/Src/stm32f1xx_hal_uart.o
 .comment       0x0000000000000043       0x44 ./Middlewares/Third_Party/FreeRTOS/Source/list.o
 .comment       0x0000000000000043       0x44 ./Middlewares/Third_Party/FreeRTOS/Source/tasks.o
 .comment       0x0000000000000043       0x44 ./Middlewares/Third_Party/FreeRTOS/Source/portable/GCC/ARM_CM3/port.o
 .comment       0x0000000000000043       0x44 ./Middlewares/Third_Party/FreeRTOS/Source/portable/MemMang/heap_4.o

.debug_info     0x0000000000000000     0xb8c6
 .debug_info    0x0000000000000000      0xcfc ./Core/Src/DDSMLib.o
 .debug_info    0x0000000000000cfc      0x335 ./Core/Src/dma.o
 .debug_info    0x0000000000001031      0xd1c ./Core/Src/freertos.o
 .debug_info    0x0000000000001d4d      0x184 ./Core/Src/gpio.o
 .debug_info    0x0000000000001ed1      0x30a ./Core/Src/main.o
 .debug_info    0x00000000000021db      0x3c7 ./Core/Src/stm32f1xx_hal_msp.o
 .debug_info    0x00000000000025a2      0x6df ./Core/Src/stm32f1xx_it.o
 .debug_info    0x0000000000002c81      0x222 ./Core/Src/system_stm32f1xx.o
 .debug_info    0x0000000000002ea3      0xad9 ./Core/Src/usart.o
 .debug_info    0x000000000000397c       0x23 ./Core/Startup/startup_stm32f103rctx.o
 .debug_info    0x000000000000399f      0x76a ./Drivers/STM32F1xx_HAL_Driver/Src/stm32f1xx_hal.o
 .debug_info    0x0000000000004109      0xaed ./Drivers/STM32F1xx_HAL_Driver/Src/stm32f1xx_hal_cortex.o
 .debug_info    0x0000000000004bf6      0x6d2 ./Drivers/STM32F1xx_HAL_Driver/Src/stm32f1xx_hal_dma.o
 .debug_info    0x00000000000052c8      0x5ab ./Drivers/STM32F1xx_HAL_Driver/Src/stm32f1xx_hal_gpio.o
 .debug_info    0x0000000000005873      0x7d5 ./Drivers/STM32F1xx_HAL_Driver/Src/stm32f1xx_hal_rcc.o
 .debug_info    0x0000000000006048     0x2eed ./Drivers/STM32F1xx_HAL_Driver/Src/stm32f1xx_hal_uart.o
 .debug_info    0x0000000000008f35      0x2af ./Middlewares/Third_Party/FreeRTOS/Source/list.o
 .debug_info    0x00000000000091e4     0x1d79 ./Middlewares/Third_Party/FreeRTOS/Source/tasks.o
 .debug_info    0x000000000000af5d      0x494 ./Middlewares/Third_Party/FreeRTOS/Source/portable/GCC/ARM_CM3/port.o
 .debug_info    0x000000000000b3f1      0x4d5 ./Middlewares/Third_Party/FreeRTOS/Source/portable/MemMang/heap_4.o

.debug_abbrev   0x0000000000000000     0x2629
 .debug_abbrev  0x0000000000000000      0x25c ./Core/Src/DDSMLib.o
 .debug_abbrev  0x000000000000025c       0xfc ./Core/Src/dma.o
 .debug_abbrev  0x0000000000000358      0x294 ./Core/Src/freertos.o
 .debug_abbrev  0x00000000000005ec       0xc6 ./Core/Src/gpio.o
 .debug_abbrev  0x00000000000006b2      0x1b6 ./Core/Src/main.o
 .debug_abbrev  0x0000000000000868      0x11c ./Core/Src/stm32f1xx_hal_msp.o
 .debug_abbrev  0x0000000000000984      0x1bb ./Core/Src/stm32f1xx_it.o
 .debug_abbrev  0x0000000000000b3f      0x13f ./Core/Src/system_stm32f1xx.o
 .debug_abbrev  0x0000000000000c7e      0x25d ./Core/Src/usart.o
 .debug_abbrev  0x0000000000000edb       0x12 ./Core/Startup/startup_stm32f103rctx.o
 .debug_abbrev  0x0000000000000eed      0x201 ./Drivers/STM32F1xx_HAL_Driver/Src/stm32f1xx_hal.o
 .debug_abbrev  0x00000000000010ee      0x2f8 ./Drivers/STM32F1xx_HAL_Driver/Src/stm32f1xx_hal_cortex.o
 .debug_abbrev  0x00000000000013e6      0x20b ./Drivers/STM32F1xx_HAL_Driver/Src/stm32f1xx_hal_dma.o
 .debug_abbrev  0x00000000000015f1      0x1ca ./Drivers/STM32F1xx_HAL_Driver/Src/stm32f1xx_hal_gpio.o
 .debug_abbrev  0x00000000000017bb      0x2b3 ./Drivers/STM32F1xx_HAL_Driver/Src/stm32f1xx_hal_rcc.o
 .debug_abbrev  0x0000000000001a6e      0x2f8 ./Drivers/STM32F1xx_HAL_Driver/Src/stm32f1xx_hal_uart.o
 .debug_abbrev  0x0000000000001d66       0xf5 ./Middlewares/Third_Party/FreeRTOS/Source/list.o
 .debug_abbrev  0x0000000000001e5b      0x359 ./Middlewares/Third_Party/FreeRTOS/Source/tasks.o
 .debug_abbrev  0x00000000000021b4      0x258 ./Middlewares/Third_Party/FreeRTOS/Source/portable/GCC/ARM_CM3/port.o
 .debug_abbrev  0x000000000000240c      0x21d ./Middlewares/Third_Party/FreeRTOS/Source/portable/MemMang/heap_4.o

.debug_aranges  0x0000000000000000      0xaa0
 .debug_aranges
                0x0000000000000000       0x70 ./Core/Src/DDSMLib.o
 .debug_aranges
                0x0000000000000070       0x20 ./Core/Src/dma.o
 .debug_aranges
                0x0000000000000090       0x58 ./Core/Src/freertos.o
 .debug_aranges
                0x00000000000000e8       0x20 ./Core/Src/gpio.o
 .debug_aranges
                0x0000000000000108       0x30 ./Core/Src/main.o
 .debug_aranges
                0x0000000000000138       0x20 ./Core/Src/stm32f1xx_hal_msp.o
 .debug_aranges
                0x0000000000000158       0x98 ./Core/Src/stm32f1xx_it.o
 .debug_aranges
                0x00000000000001f0       0x28 ./Core/Src/system_stm32f1xx.o
 .debug_aranges
                0x0000000000000218       0x40 ./Core/Src/usart.o
 .debug_aranges
                0x0000000000000258       0x28 ./Core/Startup/startup_stm32f103rctx.o
 .debug_aranges
                0x0000000000000280       0xe0 ./Drivers/STM32F1xx_HAL_Driver/Src/stm32f1xx_hal.o
 .debug_aranges
                0x0000000000000360      0x100 ./Drivers/STM32F1xx_HAL_Driver/Src/stm32f1xx_hal_cortex.o
 .debug_aranges
                0x0000000000000460       0x80 ./Drivers/STM32F1xx_HAL_Driver/Src/stm32f1xx_hal_dma.o
 .debug_aranges
                0x00000000000004e0       0x58 ./Drivers/STM32F1xx_HAL_Driver/Src/stm32f1xx_hal_gpio.o
 .debug_aranges
                0x0000000000000538       0x90 ./Drivers/STM32F1xx_HAL_Driver/Src/stm32f1xx_hal_rcc.o
 .debug_aranges
                0x00000000000005c8      0x208 ./Drivers/STM32F1xx_HAL_Driver/Src/stm32f1xx_hal_uart.o
 .debug_aranges
                0x00000000000007d0       0x40 ./Middlewares/Third_Party/FreeRTOS/Source/list.o
 .debug_aranges
                0x0000000000000810      0x1c0 ./Middlewares/Third_Party/FreeRTOS/Source/tasks.o
 .debug_aranges
                0x00000000000009d0       0x78 ./Middlewares/Third_Party/FreeRTOS/Source/portable/GCC/ARM_CM3/port.o
 .debug_aranges
                0x0000000000000a48       0x58 ./Middlewares/Third_Party/FreeRTOS/Source/portable/MemMang/heap_4.o

.debug_rnglists
                0x0000000000000000      0x80d
 .debug_rnglists
                0x0000000000000000       0x54 ./Core/Src/DDSMLib.o
 .debug_rnglists
                0x0000000000000054       0x14 ./Core/Src/dma.o
 .debug_rnglists
                0x0000000000000068       0x40 ./Core/Src/freertos.o
 .debug_rnglists
                0x00000000000000a8       0x13 ./Core/Src/gpio.o
 .debug_rnglists
                0x00000000000000bb       0x20 ./Core/Src/main.o
 .debug_rnglists
                0x00000000000000db       0x13 ./Core/Src/stm32f1xx_hal_msp.o
 .debug_rnglists
                0x00000000000000ee       0x6d ./Core/Src/stm32f1xx_it.o
 .debug_rnglists
                0x000000000000015b       0x1a ./Core/Src/system_stm32f1xx.o
 .debug_rnglists
                0x0000000000000175       0x2d ./Core/Src/usart.o
 .debug_rnglists
                0x00000000000001a2       0x19 ./Core/Startup/startup_stm32f103rctx.o
 .debug_rnglists
                0x00000000000001bb       0xa3 ./Drivers/STM32F1xx_HAL_Driver/Src/stm32f1xx_hal.o
 .debug_rnglists
                0x000000000000025e       0xbb ./Drivers/STM32F1xx_HAL_Driver/Src/stm32f1xx_hal_cortex.o
 .debug_rnglists
                0x0000000000000319       0x64 ./Drivers/STM32F1xx_HAL_Driver/Src/stm32f1xx_hal_dma.o
 .debug_rnglists
                0x000000000000037d       0x3f ./Drivers/STM32F1xx_HAL_Driver/Src/stm32f1xx_hal_gpio.o
 .debug_rnglists
                0x00000000000003bc       0x6c ./Drivers/STM32F1xx_HAL_Driver/Src/stm32f1xx_hal_rcc.o
 .debug_rnglists
                0x0000000000000428      0x1bc ./Drivers/STM32F1xx_HAL_Driver/Src/stm32f1xx_hal_uart.o
 .debug_rnglists
                0x00000000000005e4       0x2b ./Middlewares/Third_Party/FreeRTOS/Source/list.o
 .debug_rnglists
                0x000000000000060f      0x166 ./Middlewares/Third_Party/FreeRTOS/Source/tasks.o
 .debug_rnglists
                0x0000000000000775       0x56 ./Middlewares/Third_Party/FreeRTOS/Source/portable/GCC/ARM_CM3/port.o
 .debug_rnglists
                0x00000000000007cb       0x42 ./Middlewares/Third_Party/FreeRTOS/Source/portable/MemMang/heap_4.o

.debug_macro    0x0000000000000000    0x1a569
 .debug_macro   0x0000000000000000      0x1bb ./Core/Src/DDSMLib.o
 .debug_macro   0x00000000000001bb      0xa9c ./Core/Src/DDSMLib.o
 .debug_macro   0x0000000000000c57      0x21b ./Core/Src/DDSMLib.o
 .debug_macro   0x0000000000000e72       0x2e ./Core/Src/DDSMLib.o
 .debug_macro   0x0000000000000ea0       0x22 ./Core/Src/DDSMLib.o
 .debug_macro   0x0000000000000ec2       0x22 ./Core/Src/DDSMLib.o
 .debug_macro   0x0000000000000ee4       0x8e ./Core/Src/DDSMLib.o
 .debug_macro   0x0000000000000f72       0x51 ./Core/Src/DDSMLib.o
 .debug_macro   0x0000000000000fc3      0x103 ./Core/Src/DDSMLib.o
 .debug_macro   0x00000000000010c6       0x6a ./Core/Src/DDSMLib.o
 .debug_macro   0x0000000000001130      0x1df ./Core/Src/DDSMLib.o
 .debug_macro   0x000000000000130f       0x1c ./Core/Src/DDSMLib.o
 .debug_macro   0x000000000000132b       0x22 ./Core/Src/DDSMLib.o
 .debug_macro   0x000000000000134d       0xbd ./Core/Src/DDSMLib.o
 .debug_macro   0x000000000000140a      0xd23 ./Core/Src/DDSMLib.o
 .debug_macro   0x000000000000212d     0xfd8c ./Core/Src/DDSMLib.o
 .debug_macro   0x0000000000011eb9       0x6d ./Core/Src/DDSMLib.o
 .debug_macro   0x0000000000011f26     0x34a2 ./Core/Src/DDSMLib.o
 .debug_macro   0x00000000000153c8      0x174 ./Core/Src/DDSMLib.o
 .debug_macro   0x000000000001553c       0x5c ./Core/Src/DDSMLib.o
 .debug_macro   0x0000000000015598      0x5bc ./Core/Src/DDSMLib.o
 .debug_macro   0x0000000000015b54      0x4d5 ./Core/Src/DDSMLib.o
 .debug_macro   0x0000000000016029      0x1cb ./Core/Src/DDSMLib.o
 .debug_macro   0x00000000000161f4      0x114 ./Core/Src/DDSMLib.o
 .debug_macro   0x0000000000016308      0x1ea ./Core/Src/DDSMLib.o
 .debug_macro   0x00000000000164f2       0x27 ./Core/Src/DDSMLib.o
 .debug_macro   0x0000000000016519      0x144 ./Core/Src/DDSMLib.o
 .debug_macro   0x000000000001665d      0x1bc ./Core/Src/DDSMLib.o
 .debug_macro   0x0000000000016819       0x30 ./Core/Src/DDSMLib.o
 .debug_macro   0x0000000000016849       0x3c ./Core/Src/DDSMLib.o
 .debug_macro   0x0000000000016885       0x57 ./Core/Src/DDSMLib.o
 .debug_macro   0x00000000000168dc       0x87 ./Core/Src/DDSMLib.o
 .debug_macro   0x0000000000016963      0x24f ./Core/Src/DDSMLib.o
 .debug_macro   0x0000000000016bb2      0x140 ./Core/Src/DDSMLib.o
 .debug_macro   0x0000000000016cf2      0x28e ./Core/Src/DDSMLib.o
 .debug_macro   0x0000000000016f80       0xb5 ./Core/Src/DDSMLib.o
 .debug_macro   0x0000000000017035       0x46 ./Core/Src/DDSMLib.o
 .debug_macro   0x000000000001707b      0x1a2 ./Core/Src/dma.o
 .debug_macro   0x000000000001721d      0x2e5 ./Core/Src/freertos.o
 .debug_macro   0x0000000000017502       0xd0 ./Core/Src/freertos.o
 .debug_macro   0x00000000000175d2      0x15a ./Core/Src/freertos.o
 .debug_macro   0x000000000001772c       0xde ./Core/Src/freertos.o
 .debug_macro   0x000000000001780a       0x1c ./Core/Src/freertos.o
 .debug_macro   0x0000000000017826       0x26 ./Core/Src/freertos.o
 .debug_macro   0x000000000001784c      0x519 ./Core/Src/freertos.o
 .debug_macro   0x0000000000017d65       0xb5 ./Core/Src/freertos.o
 .debug_macro   0x0000000000017e1a       0xaa ./Core/Src/freertos.o
 .debug_macro   0x0000000000017ec4       0x61 ./Core/Src/freertos.o
 .debug_macro   0x0000000000017f25       0x24 ./Core/Src/freertos.o
 .debug_macro   0x0000000000017f49       0x43 ./Core/Src/freertos.o
 .debug_macro   0x0000000000017f8c       0x34 ./Core/Src/freertos.o
 .debug_macro   0x0000000000017fc0       0x16 ./Core/Src/freertos.o
 .debug_macro   0x0000000000017fd6       0x43 ./Core/Src/freertos.o
 .debug_macro   0x0000000000018019       0x34 ./Core/Src/freertos.o
 .debug_macro   0x000000000001804d       0x10 ./Core/Src/freertos.o
 .debug_macro   0x000000000001805d       0x58 ./Core/Src/freertos.o
 .debug_macro   0x00000000000180b5       0x8e ./Core/Src/freertos.o
 .debug_macro   0x0000000000018143       0x1c ./Core/Src/freertos.o
 .debug_macro   0x000000000001815f      0x177 ./Core/Src/freertos.o
 .debug_macro   0x00000000000182d6      0x369 ./Core/Src/freertos.o
 .debug_macro   0x000000000001863f       0x10 ./Core/Src/freertos.o
 .debug_macro   0x000000000001864f       0x35 ./Core/Src/freertos.o
 .debug_macro   0x0000000000018684       0x20 ./Core/Src/freertos.o
 .debug_macro   0x00000000000186a4       0x4c ./Core/Src/freertos.o
 .debug_macro   0x00000000000186f0      0x1a2 ./Core/Src/gpio.o
 .debug_macro   0x0000000000018892      0x25a ./Core/Src/main.o
 .debug_macro   0x0000000000018aec       0xd0 ./Core/Src/main.o
 .debug_macro   0x0000000000018bbc       0x91 ./Core/Src/main.o
 .debug_macro   0x0000000000018c4d       0x8d ./Core/Src/main.o
 .debug_macro   0x0000000000018cda       0x7e ./Core/Src/main.o
 .debug_macro   0x0000000000018d58       0x19 ./Core/Src/main.o
 .debug_macro   0x0000000000018d71      0x198 ./Core/Src/stm32f1xx_hal_msp.o
 .debug_macro   0x0000000000018f09      0x20a ./Core/Src/stm32f1xx_it.o
 .debug_macro   0x0000000000019113      0x18e ./Core/Src/system_stm32f1xx.o
 .debug_macro   0x00000000000192a1      0x1a2 ./Core/Src/usart.o
 .debug_macro   0x0000000000019443      0x1b2 ./Drivers/STM32F1xx_HAL_Driver/Src/stm32f1xx_hal.o
 .debug_macro   0x00000000000195f5      0x18e ./Drivers/STM32F1xx_HAL_Driver/Src/stm32f1xx_hal_cortex.o
 .debug_macro   0x0000000000019783      0x18e ./Drivers/STM32F1xx_HAL_Driver/Src/stm32f1xx_hal_dma.o
 .debug_macro   0x0000000000019911      0x1f9 ./Drivers/STM32F1xx_HAL_Driver/Src/stm32f1xx_hal_gpio.o
 .debug_macro   0x0000000000019b0a      0x1a0 ./Drivers/STM32F1xx_HAL_Driver/Src/stm32f1xx_hal_rcc.o
 .debug_macro   0x0000000000019caa      0x18f ./Drivers/STM32F1xx_HAL_Driver/Src/stm32f1xx_hal_uart.o
 .debug_macro   0x0000000000019e39      0x187 ./Middlewares/Third_Party/FreeRTOS/Source/list.o
 .debug_macro   0x0000000000019fc0      0x279 ./Middlewares/Third_Party/FreeRTOS/Source/tasks.o
 .debug_macro   0x000000000001a239       0x10 ./Middlewares/Third_Party/FreeRTOS/Source/tasks.o
 .debug_macro   0x000000000001a249      0x172 ./Middlewares/Third_Party/FreeRTOS/Source/portable/GCC/ARM_CM3/port.o
 .debug_macro   0x000000000001a3bb      0x1ae ./Middlewares/Third_Party/FreeRTOS/Source/portable/MemMang/heap_4.o

.debug_line     0x0000000000000000     0xea78
 .debug_line    0x0000000000000000      0xce3 ./Core/Src/DDSMLib.o
 .debug_line    0x0000000000000ce3      0x6d9 ./Core/Src/dma.o
 .debug_line    0x00000000000013bc      0xb5a ./Core/Src/freertos.o
 .debug_line    0x0000000000001f16      0x6d1 ./Core/Src/gpio.o
 .debug_line    0x00000000000025e7      0x890 ./Core/Src/main.o
 .debug_line    0x0000000000002e77      0x6d6 ./Core/Src/stm32f1xx_hal_msp.o
 .debug_line    0x000000000000354d      0x953 ./Core/Src/stm32f1xx_it.o
 .debug_line    0x0000000000003ea0      0x752 ./Core/Src/system_stm32f1xx.o
 .debug_line    0x00000000000045f2      0x903 ./Core/Src/usart.o
 .debug_line    0x0000000000004ef5       0x79 ./Core/Startup/startup_stm32f103rctx.o
 .debug_line    0x0000000000004f6e      0x97f ./Drivers/STM32F1xx_HAL_Driver/Src/stm32f1xx_hal.o
 .debug_line    0x00000000000058ed      0xb67 ./Drivers/STM32F1xx_HAL_Driver/Src/stm32f1xx_hal_cortex.o
 .debug_line    0x0000000000006454     0x12aa ./Drivers/STM32F1xx_HAL_Driver/Src/stm32f1xx_hal_dma.o
 .debug_line    0x00000000000076fe      0xa40 ./Drivers/STM32F1xx_HAL_Driver/Src/stm32f1xx_hal_gpio.o
 .debug_line    0x000000000000813e      0xd88 ./Drivers/STM32F1xx_HAL_Driver/Src/stm32f1xx_hal_rcc.o
 .debug_line    0x0000000000008ec6     0x2843 ./Drivers/STM32F1xx_HAL_Driver/Src/stm32f1xx_hal_uart.o
 .debug_line    0x000000000000b709      0x795 ./Middlewares/Third_Party/FreeRTOS/Source/list.o
 .debug_line    0x000000000000be9e     0x1a4d ./Middlewares/Third_Party/FreeRTOS/Source/tasks.o
 .debug_line    0x000000000000d8eb      0x7d2 ./Middlewares/Third_Party/FreeRTOS/Source/portable/GCC/ARM_CM3/port.o
 .debug_line    0x000000000000e0bd      0x9bb ./Middlewares/Third_Party/FreeRTOS/Source/portable/MemMang/heap_4.o

.debug_str      0x0000000000000000    0x97650
 .debug_str     0x0000000000000000    0x8af4f ./Core/Src/DDSMLib.o
                                      0x8b3e1 (size before relaxing)
 .debug_str     0x000000000008af4f      0x39d ./Core/Src/dma.o
                                      0x8b035 (size before relaxing)
 .debug_str     0x000000000008b2ec     0x716e ./Core/Src/freertos.o
                                      0x9244a (size before relaxing)
 .debug_str     0x000000000009245a       0x2c ./Core/Src/gpio.o
                                      0x8ac4d (size before relaxing)
 .debug_str     0x0000000000092486     0x1b5a ./Core/Src/main.o
                                      0x9053e (size before relaxing)
 .debug_str     0x0000000000093fe0       0x5a ./Core/Src/stm32f1xx_hal_msp.o
                                      0x8b053 (size before relaxing)
 .debug_str     0x000000000009403a      0x22d ./Core/Src/stm32f1xx_it.o
                                      0x8efcc (size before relaxing)
 .debug_str     0x0000000000094267       0x7e ./Core/Src/system_stm32f1xx.o
                                      0x8aca6 (size before relaxing)
 .debug_str     0x00000000000942e5       0xdc ./Core/Src/usart.o
                                      0x8b5e6 (size before relaxing)
 .debug_str     0x00000000000943c1       0x34 ./Core/Startup/startup_stm32f103rctx.o
                                         0x79 (size before relaxing)
 .debug_str     0x00000000000943f5      0x38e ./Drivers/STM32F1xx_HAL_Driver/Src/stm32f1xx_hal.o
                                      0x8b4bd (size before relaxing)
 .debug_str     0x0000000000094783      0x294 ./Drivers/STM32F1xx_HAL_Driver/Src/stm32f1xx_hal_cortex.o
                                      0x8b409 (size before relaxing)
 .debug_str     0x0000000000094a17      0x206 ./Drivers/STM32F1xx_HAL_Driver/Src/stm32f1xx_hal_dma.o
                                      0x8b04f (size before relaxing)
 .debug_str     0x0000000000094c1d      0x31d ./Drivers/STM32F1xx_HAL_Driver/Src/stm32f1xx_hal_gpio.o
                                      0x8b02c (size before relaxing)
 .debug_str     0x0000000000094f3a      0x229 ./Drivers/STM32F1xx_HAL_Driver/Src/stm32f1xx_hal_rcc.o
                                      0x8b0d5 (size before relaxing)
 .debug_str     0x0000000000095163      0x5c9 ./Drivers/STM32F1xx_HAL_Driver/Src/stm32f1xx_hal_uart.o
                                      0x8b746 (size before relaxing)
 .debug_str     0x000000000009572c      0x21e ./Middlewares/Third_Party/FreeRTOS/Source/list.o
                                       0xaa1c (size before relaxing)
 .debug_str     0x000000000009594a     0x136b ./Middlewares/Third_Party/FreeRTOS/Source/tasks.o
                                       0xcdc6 (size before relaxing)
 .debug_str     0x0000000000096cb5      0x66e ./Middlewares/Third_Party/FreeRTOS/Source/portable/GCC/ARM_CM3/port.o
                                       0x8565 (size before relaxing)
 .debug_str     0x0000000000097323      0x32d ./Middlewares/Third_Party/FreeRTOS/Source/portable/MemMang/heap_4.o
                                       0xb35e (size before relaxing)

.debug_frame    0x0000000000000000     0x2a00
 .debug_frame   0x0000000000000000      0x19c ./Core/Src/DDSMLib.o
 .debug_frame   0x000000000000019c       0x34 ./Core/Src/dma.o
 .debug_frame   0x00000000000001d0      0x128 ./Core/Src/freertos.o
 .debug_frame   0x00000000000002f8       0x38 ./Core/Src/gpio.o
 .debug_frame   0x0000000000000330       0x68 ./Core/Src/main.o
 .debug_frame   0x0000000000000398       0x34 ./Core/Src/stm32f1xx_hal_msp.o
 .debug_frame   0x00000000000003cc      0x1c0 ./Core/Src/stm32f1xx_it.o
 .debug_frame   0x000000000000058c       0x58 ./Core/Src/system_stm32f1xx.o
 .debug_frame   0x00000000000005e4       0xb0 ./Core/Src/usart.o
 .debug_frame   0x0000000000000694      0x334 ./Drivers/STM32F1xx_HAL_Driver/Src/stm32f1xx_hal.o
 .debug_frame   0x00000000000009c8      0x428 ./Drivers/STM32F1xx_HAL_Driver/Src/stm32f1xx_hal_cortex.o
 .debug_frame   0x0000000000000df0      0x20c ./Drivers/STM32F1xx_HAL_Driver/Src/stm32f1xx_hal_dma.o
 .debug_frame   0x0000000000000ffc      0x14c ./Drivers/STM32F1xx_HAL_Driver/Src/stm32f1xx_hal_gpio.o
 .debug_frame   0x0000000000001148      0x218 ./Drivers/STM32F1xx_HAL_Driver/Src/stm32f1xx_hal_rcc.o
 .debug_frame   0x0000000000001360      0x944 ./Drivers/STM32F1xx_HAL_Driver/Src/stm32f1xx_hal_uart.o
 .debug_frame   0x0000000000001ca4       0xd8 ./Middlewares/Third_Party/FreeRTOS/Source/list.o
 .debug_frame   0x0000000000001d7c      0x7a0 ./Middlewares/Third_Party/FreeRTOS/Source/tasks.o
 .debug_frame   0x000000000000251c      0x198 ./Middlewares/Third_Party/FreeRTOS/Source/portable/GCC/ARM_CM3/port.o
 .debug_frame   0x00000000000026b4      0x12c ./Middlewares/Third_Party/FreeRTOS/Source/portable/MemMang/heap_4.o
 .debug_frame   0x00000000000027e0       0x20 C:/ST/STM32CubeIDE_1.14.1/STM32CubeIDE/plugins/com.st.stm32cube.ide.mcu.externaltools.gnu-tools-for-stm32.11.3.rel1.win32_1.1.100.202309141235/tools/bin/../lib/gcc/arm-none-eabi/11.3.1/../../../../arm-none-eabi/lib/thumb/v7-m/nofp\libc_nano.a(libc_a-memset.o)
 .debug_frame   0x0000000000002800       0x2c C:/ST/STM32CubeIDE_1.14.1/STM32CubeIDE/plugins/com.st.stm32cube.ide.mcu.externaltools.gnu-tools-for-stm32.11.3.rel1.win32_1.1.100.202309141235/tools/bin/../lib/gcc/arm-none-eabi/11.3.1/../../../../arm-none-eabi/lib/thumb/v7-m/nofp\libc_nano.a(libc_a-init.o)
 .debug_frame   0x000000000000282c       0x30 C:/ST/STM32CubeIDE_1.14.1/STM32CubeIDE/plugins/com.st.stm32cube.ide.mcu.externaltools.gnu-tools-for-stm32.11.3.rel1.win32_1.1.100.202309141235/tools/bin/../lib/gcc/arm-none-eabi/11.3.1/../../../../arm-none-eabi/lib/thumb/v7-m/nofp\libm.a(libm_a-s_round.o)
 .debug_frame   0x000000000000285c       0xac C:/ST/STM32CubeIDE_1.14.1/STM32CubeIDE/plugins/com.st.stm32cube.ide.mcu.externaltools.gnu-tools-for-stm32.11.3.rel1.win32_1.1.100.202309141235/tools/bin/../lib/gcc/arm-none-eabi/11.3.1/thumb/v7-m/nofp\libgcc.a(_arm_addsubdf3.o)
 .debug_frame   0x0000000000002908       0x50 C:/ST/STM32CubeIDE_1.14.1/STM32CubeIDE/plugins/com.st.stm32cube.ide.mcu.externaltools.gnu-tools-for-stm32.11.3.rel1.win32_1.1.100.202309141235/tools/bin/../lib/gcc/arm-none-eabi/11.3.1/thumb/v7-m/nofp\libgcc.a(_arm_muldivdf3.o)
 .debug_frame   0x0000000000002958       0x24 C:/ST/STM32CubeIDE_1.14.1/STM32CubeIDE/plugins/com.st.stm32cube.ide.mcu.externaltools.gnu-tools-for-stm32.11.3.rel1.win32_1.1.100.202309141235/tools/bin/../lib/gcc/arm-none-eabi/11.3.1/thumb/v7-m/nofp\libgcc.a(_arm_fixdfsi.o)
 .debug_frame   0x000000000000297c       0x4c C:/ST/STM32CubeIDE_1.14.1/STM32CubeIDE/plugins/com.st.stm32cube.ide.mcu.externaltools.gnu-tools-for-stm32.11.3.rel1.win32_1.1.100.202309141235/tools/bin/../lib/gcc/arm-none-eabi/11.3.1/thumb/v7-m/nofp\libgcc.a(_arm_addsubsf3.o)
 .debug_frame   0x00000000000029c8       0x38 C:/ST/STM32CubeIDE_1.14.1/STM32CubeIDE/plugins/com.st.stm32cube.ide.mcu.externaltools.gnu-tools-for-stm32.11.3.rel1.win32_1.1.100.202309141235/tools/bin/../lib/gcc/arm-none-eabi/11.3.1/thumb/v7-m/nofp\libgcc.a(_arm_muldivsf3.o)

.debug_line_str
                0x0000000000000000       0x6d
 .debug_line_str
                0x0000000000000000       0x6d ./Core/Startup/startup_stm32f103rctx.o
                                         0x85 (size before relaxing)
