../Core/Src/gy95t.c:13:6:i2c_is_device_ready	16	static
../Core/Src/gy95t.c:18:6:i2c_write_mem	40	static
../Core/Src/gy95t.c:23:6:i2c_read_mem	40	static
../Core/Src/gy95t.c:28:6:i2c_write_buf	24	static
../Core/Src/gy95t.c:33:6:i2c_read_buf	24	static
../Core/Src/gy95t.c:38:20:gy95t_write_reg	16	static
../Core/Src/gy95t.c:43:20:gy95t_read_reg	16	static
../Core/Src/gy95t.c:48:6:gy95t_detect	16	static
../Core/Src/gy95t.c:65:6:gy95t_init	8	static
../Core/Src/gy95t.c:92:6:gy95t_read_acc	32	static
../Core/Src/gy95t.c:128:6:gy95t_read_gyro	32	static
../Core/Src/gy95t.c:144:6:gy95t_read_all	16	static
