../Core/Src/main.c:78:6:distance_Calculate	8	static
../Core/Src/main.c:84:6:buzzer	8	static
../Core/Src/main.c:94:6:d80nk_read	24	static
../Core/Src/main.c:117:9:checksum	24	static
../Core/Src/main.c:125:6:HostMessageParse	32	static
../Core/Src/main.c:143:6:SendToHost	48	static
../Core/Src/main.c:178:6:HAL_UART_RxCpltCallback	48	static
../Core/Src/main.c:245:5:main	8	static
../Core/Src/main.c:324:6:SystemClock_Config	72	static
../Core/Src/main.c:371:6:HAL_TIM_PeriodElapsedCallback	16	static
../Core/Src/main.c:404:6:Error_Handler	4	static,ignoring_inline_asm
