../Core/Src/main.c:77:6:distance_Calculate	8	static
../Core/Src/main.c:83:6:buzzer	8	static
../Core/Src/main.c:93:6:d80nk_read	24	static
../Core/Src/main.c:116:9:checksum	24	static
../Core/Src/main.c:124:6:HostMessageParse	32	static
../Core/Src/main.c:142:6:SendToHost	48	static
../Core/Src/main.c:177:6:HAL_UART_RxCpltCallback	48	static
../Core/Src/main.c:219:6:HAL_TIM_PeriodElapsedCallback	16	static
../Core/Src/main.c:261:5:main	8	static
../Core/Src/main.c:330:6:SystemClock_Config	72	static
../Core/Src/main.c:373:6:Error_Handler	4	static,ignoring_inline_asm
